[    0.000000] Linux version 6.18.0-rc3-00016-ge53642b87a4f (root@yoson) (gcc (GCC) 15.2.0, GNU ld (GNU Binutils) 2.45) #1 SMP PREEMPT_DYNAMIC Wed Oct 29 23:40:36 KST 2025
[    0.000000] Command line: BOOT_IMAGE=/boot/vmlinuz-6.18.0-yoson root=/dev/sda4 ro
[    0.000000] [Firmware Bug]: TSC doesn't count with P0 frequency!
[    0.000000] BIOS-provided physical RAM map:
[    0.000000] BIOS-e820: [mem 0x0000000000000000-0x000000000009fbff] usable
[    0.000000] BIOS-e820: [mem 0x000000000009fc00-0x000000000009ffff] reserved
[    0.000000] BIOS-e820: [mem 0x00000000000f0000-0x00000000000fffff] reserved
[    0.000000] BIOS-e820: [mem 0x0000000000100000-0x00000000dffeffff] usable
[    0.000000] BIOS-e820: [mem 0x00000000dfff0000-0x00000000dfffffff] ACPI data
[    0.000000] BIOS-e820: [mem 0x00000000fec00000-0x00000000fec00fff] reserved
[    0.000000] BIOS-e820: [mem 0x00000000fee00000-0x00000000fee00fff] reserved
[    0.000000] BIOS-e820: [mem 0x00000000fffc0000-0x00000000ffffffff] reserved
[    0.000000] BIOS-e820: [mem 0x0000000100000000-0x00000002950fffff] usable
[    0.000000] NX (Execute Disable) protection: active
[    0.000000] APIC: Static calls initialized
[    0.000000] SMBIOS 2.5 present.
[    0.000000] DMI: innotek GmbH VirtualBox/VirtualBox, BIOS VirtualBox 12/01/2006
[    0.000000] DMI: Memory slots populated: 0/0
[    0.000000] Hypervisor detected: KVM
[    0.000000] last_pfn = 0xe0000 max_arch_pfn = 0x400000000
[    0.000000] kvm-clock: Using msrs 4b564d01 and 4b564d00
[    0.000001] kvm-clock: using sched offset of 6810759634 cycles
[    0.000003] clocksource: kvm-clock: mask: 0xffffffffffffffff max_cycles: 0x1cd42e4dffb, max_idle_ns: 881590591483 ns
[    0.000005] tsc: Detected 3493.484 MHz processor
[    0.001484] e820: update [mem 0x00000000-0x00000fff] usable ==> reserved
[    0.001486] e820: remove [mem 0x000a0000-0x000fffff] usable
[    0.001490] last_pfn = 0x295100 max_arch_pfn = 0x400000000
[    0.001511] MTRR map: 3 entries (3 fixed + 0 variable; max 19), built from 8 variable MTRRs
[    0.001513] x86/PAT: Configuration [0-7]: WB  WC  UC- UC  WB  WP  UC- WT  
[    0.001546] CPU MTRRs all blank - virtualized system.
[    0.001547] last_pfn = 0xe0000 max_arch_pfn = 0x400000000
[    0.003919] found SMP MP-table at [mem 0x0009fbf0-0x0009fbff]
[    0.004167] ACPI: Early table checksum verification disabled
[    0.004170] ACPI: RSDP 0x00000000000E0000 000024 (v02 VBOX  )
[    0.004182] ACPI: XSDT 0x00000000DFFF0030 00003C (v01 VBOX   VBOXXSDT 00000001 ASL  00000061)
[    0.004187] ACPI: FACP 0x00000000DFFF00F0 0000F4 (v04 VBOX   VBOXFACP 00000001 ASL  00000061)
[    0.004189] ACPI: DSDT 0x00000000DFFF0630 002353 (v02 VBOX   VBOXBIOS 00000002 INTL 20100528)
[    0.004191] ACPI: FACS 0x00000000DFFF0200 000040
[    0.004191] ACPI: FACS 0x00000000DFFF0200 000040
[    0.004192] ACPI: APIC 0x00000000DFFF0240 00007C (v02 VBOX   VBOXAPIC 00000001 ASL  00000061)
[    0.004194] ACPI: SSDT 0x00000000DFFF02C0 00036C (v01 VBOX   VBOXCPUT 00000002 INTL 20100528)
[    0.004195] ACPI: Reserving FACP table memory at [mem 0xdfff00f0-0xdfff01e3]
[    0.004195] ACPI: Reserving DSDT table memory at [mem 0xdfff0630-0xdfff2982]
[    0.004196] ACPI: Reserving FACS table memory at [mem 0xdfff0200-0xdfff023f]
[    0.004196] ACPI: Reserving FACS table memory at [mem 0xdfff0200-0xdfff023f]
[    0.004197] ACPI: Reserving APIC table memory at [mem 0xdfff0240-0xdfff02bb]
[    0.004197] ACPI: Reserving SSDT table memory at [mem 0xdfff02c0-0xdfff062b]
[    0.004724] No NUMA configuration found
[    0.004725] Faking a node at [mem 0x0000000000000000-0x00000002950fffff]
[    0.004727] NODE_DATA(0) allocated [mem 0x2950fc900-0x2950fffff]
[    0.004841] Zone ranges:
[    0.004842]   DMA      [mem 0x0000000000001000-0x0000000000ffffff]
[    0.004843]   DMA32    [mem 0x0000000001000000-0x00000000ffffffff]
[    0.004844]   Normal   [mem 0x0000000100000000-0x00000002950fffff]
[    0.004845] Movable zone start for each node
[    0.004845] Early memory node ranges
[    0.004845]   node   0: [mem 0x0000000000001000-0x000000000009efff]
[    0.004846]   node   0: [mem 0x0000000000100000-0x00000000dffeffff]
[    0.004847]   node   0: [mem 0x0000000100000000-0x00000002950fffff]
[    0.004847] Initmem setup node 0 [mem 0x0000000000001000-0x00000002950fffff]
[    0.004876] On node 0, zone DMA: 1 pages in unavailable ranges
[    0.005362] On node 0, zone DMA: 97 pages in unavailable ranges
[    0.321300] On node 0, zone Normal: 16 pages in unavailable ranges
[    0.322701] On node 0, zone Normal: 12032 pages in unavailable ranges
[    0.323689] ACPI: PM-Timer IO Port: 0x4008
[    0.323872] IOAPIC[0]: apic_id 6, version 32, address 0xfec00000, GSI 0-23
[    0.323875] ACPI: INT_SRC_OVR (bus 0 bus_irq 0 global_irq 2 dfl dfl)
[    0.323876] ACPI: INT_SRC_OVR (bus 0 bus_irq 9 global_irq 9 low level)
[    0.323878] ACPI: Using ACPI (MADT) for SMP configuration information
[    0.323883] CPU topo: Max. logical packages:   1
[    0.323883] CPU topo: Max. logical dies:       1
[    0.323883] CPU topo: Max. dies per package:   1
[    0.323886] CPU topo: Max. threads per core:   1
[    0.323886] CPU topo: Num. cores per package:     6
[    0.323886] CPU topo: Num. threads per package:   6
[    0.323887] CPU topo: Allowing 6 present CPUs plus 0 hotplug CPUs
[    0.323992] PM: hibernation: Registered nosave memory: [mem 0x00000000-0x00000fff]
[    0.323994] PM: hibernation: Registered nosave memory: [mem 0x0009f000-0x000fffff]
[    0.323994] PM: hibernation: Registered nosave memory: [mem 0xdfff0000-0xffffffff]
[    0.323995] [mem 0xe0000000-0xfebfffff] available for PCI devices
[    0.323996] Booting paravirtualized kernel on KVM
[    0.323998] clocksource: refined-jiffies: mask: 0xffffffff max_cycles: 0xffffffff, max_idle_ns: 1910969940391419 ns
[    0.327629] setup_percpu: NR_CPUS:64 nr_cpumask_bits:6 nr_cpu_ids:6 nr_node_ids:1
[    0.331574] percpu: Embedded 52 pages/cpu s172824 r8192 d31976 u262144
[    0.331577] pcpu-alloc: s172824 r8192 d31976 u262144 alloc=1*2097152
[    0.331579] pcpu-alloc: [0] 0 1 2 3 4 5 - - 
[    0.331639] Kernel command line: BOOT_IMAGE=/boot/vmlinuz-6.18.0-yoson root=/dev/sda4 ro
[    0.331665] random: crng init done
[    0.331665] printk: log buffer data + meta data: 262144 + 917504 = 1179648 bytes
[    0.362826] Dentry cache hash table entries: 2097152 (order: 12, 16777216 bytes, linear)
[    0.378613] Inode-cache hash table entries: 1048576 (order: 11, 8388608 bytes, linear)
[    0.378826] software IO TLB: area num 8.
[    0.477587] Fallback order for Node 0: 0 
[    0.477594] Built 1 zonelists, mobility grouping on.  Total pages: 2576526
[    0.477595] Policy zone: Normal
[    0.477597] mem auto-init: stack:all(zero), heap alloc:off, heap free:off
[    0.493217] SLUB: HWalign=64, Order=0-3, MinObjects=0, CPUs=6, Nodes=1
[    0.494939] Dynamic Preempt: voluntary
[    0.495141] rcu: Preemptible hierarchical RCU implementation.
[    0.495141] rcu: 	RCU event tracing is enabled.
[    0.495142] rcu: 	RCU restricting CPUs from NR_CPUS=64 to nr_cpu_ids=6.
[    0.495143] 	Trampoline variant of Tasks RCU enabled.
[    0.495144] 	Tracing variant of Tasks RCU enabled.
[    0.495144] rcu: RCU calculated value of scheduler-enlistment delay is 100 jiffies.
[    0.495145] rcu: Adjusting geometry for rcu_fanout_leaf=16, nr_cpu_ids=6
[    0.495167] RCU Tasks: Setting shift to 3 and lim to 1 rcu_task_cb_adjust=1 rcu_task_cpu_ids=6.
[    0.495169] RCU Tasks Trace: Setting shift to 3 and lim to 1 rcu_task_cb_adjust=1 rcu_task_cpu_ids=6.
[    0.498063] NR_IRQS: 4352, nr_irqs: 472, preallocated irqs: 16
[    0.498417] rcu: srcu_init: Setting srcu_struct sizes based on contention.
[    0.498903] Console: colour dummy device 80x25
[    0.498906] printk: legacy console [tty0] enabled
[    0.499194] ACPI: Core revision 20250807
[    0.500805] APIC: Switch to symmetric I/O mode setup
[    0.510029] ..TIMER: vector=0x30 apic1=0 pin1=2 apic2=-1 pin2=-1
[    0.510428] clocksource: tsc-early: mask: 0xffffffffffffffff max_cycles: 0x325b4593e07, max_idle_ns: 440795278312 ns
[    0.510440] Calibrating delay loop (skipped) preset value.. 6986.96 BogoMIPS (lpj=3493484)
[    0.511436] Last level iTLB entries: 4KB 512, 2MB 512, 4MB 256
[    0.511436] Last level dTLB entries: 4KB 2048, 2MB 2048, 4MB 1024, 1GB 0
[    0.511436] mitigations: Enabled attack vectors: user_kernel, user_user, SMT mitigations: auto
[    0.511436] Speculative Return Stack Overflow: IBPB-extending microcode not applied!
[    0.511436] Speculative Return Stack Overflow: WARNING: See https://kernel.org/doc/html/latest/admin-guide/hw-vuln/srso.html for mitigation options.
[    0.511436] Transient Scheduler Attacks: Vulnerable: No microcode
[    0.511436] Spectre V2 : Mitigation: Retpolines
[    0.511436] Speculative Return Stack Overflow: Vulnerable: Safe RET, no microcode
[    0.511436] Spectre V1 : Mitigation: usercopy/swapgs barriers and __user pointer sanitization
[    0.511436] Spectre V2 : Spectre v2 / SpectreRSB: Filling RSB on context switch and VMEXIT
[    0.511436] active return thunk: srso_alias_return_thunk
[    0.511436] x86/fpu: x87 FPU will use FXSAVE
[    0.518808] Freeing SMP alternatives memory: 56K
[    0.518818] pid_max: default: 32768 minimum: 301
[    0.518870] LSM: initializing lsm=capability,selinux
[    0.518895] SELinux:  Initializing.
[    0.519436] Mount-cache hash table entries: 32768 (order: 6, 262144 bytes, linear)
[    0.519612] Mountpoint-cache hash table entries: 32768 (order: 6, 262144 bytes, linear)
[    0.631479] APIC calibration not consistent with PM-Timer: 120ms instead of 100ms
[    0.631487] APIC delta adjusted to PM-Timer: 6294633 (7566612)
[    0.631704] smpboot: CPU0: AMD Ryzen 5 5600 6-Core Processor (family: 0x19, model: 0x21, stepping: 0x2)
[    0.632386] Performance Events: PMU not available due to virtualization, using software events only.
[    0.632436] signal: max sigframe size: 1440
[    0.632436] rcu: Hierarchical SRCU implementation.
[    0.632436] rcu: 	Max phase no-delay instances is 400.
[    0.632436] Timer migration: 1 hierarchy levels; 8 children per group; 1 crossnode level
[    0.636649] smp: Bringing up secondary CPUs ...
[    0.637082] smpboot: x86: Booting SMP configuration:
[    0.637086] .... node  #0, CPUs:      #1 #2 #3 #4 #5
[    0.641436] TSC synchronization [CPU#0 -> CPU#1]:
[    0.641436] Measured 77510 cycles TSC warp between CPUs, turning off TSC clock.
[    0.641436] tsc: Marking TSC unstable due to check_tsc_sync_source failed
[    0.648881] smp: Brought up 1 node, 6 CPUs
[    0.648887] smpboot: Total of 6 processors activated (41921.80 BogoMIPS)
[    0.649690] Memory: 10004880K/10306104K available (19053K kernel code, 2908K rwdata, 7456K rodata, 2836K init, 884K bss, 295652K reserved, 0K cma-reserved)
[    0.649952] devtmpfs: initialized
[    0.650807] clocksource: jiffies: mask: 0xffffffff max_cycles: 0xffffffff, max_idle_ns: 1911260446275000 ns
[    0.650807] posixtimers hash table entries: 4096 (order: 4, 65536 bytes, linear)
[    0.651589] futex hash table entries: 2048 (131072 bytes on 1 NUMA nodes, total 128 KiB, linear).
[    0.651946] PM: RTC time: 14:45:22, date: 2025-10-29
[    0.653368] NET: Registered PF_NETLINK/PF_ROUTE protocol family
[    0.653436] audit: initializing netlink subsys (disabled)
[    0.653436] audit: type=2000 audit(1761749131.054:1): state=initialized audit_enabled=0 res=1
[    0.653436] thermal_sys: Registered thermal governor 'step_wise'
[    0.653436] cpuidle: using governor menu
[    0.654785] PCI: Using configuration type 1 for base access
[    0.654791] PCI: Using configuration type 1 for extended access
[    0.654826] mtrr: your CPUs had inconsistent variable MTRR settings
[    0.654830] mtrr: probably your BIOS does not setup all CPUs.
[    0.654834] mtrr: corrected configuration.
[    0.655013] kprobes: kprobe jump-optimization is enabled. All kprobes are optimized if possible.
[    0.656439] HugeTLB: registered 2.00 MiB page size, pre-allocated 0 pages
[    0.656446] HugeTLB: 28 KiB vmemmap can be freed for a 2.00 MiB page
[    0.671764] ACPI: Added _OSI(Module Device)
[    0.671769] ACPI: Added _OSI(Processor Device)
[    0.671772] ACPI: Added _OSI(Processor Aggregator Device)
[    0.672894] ACPI: 2 ACPI AML tables successfully acquired and loaded
[    0.674603] ACPI: Interpreter enabled
[    0.674615] ACPI: PM: (supports S0 S5)
[    0.674618] ACPI: Using IOAPIC for interrupt routing
[    0.674880] PCI: Using host bridge windows from ACPI; if necessary, use "pci=nocrs" and report a bug
[    0.674886] PCI: Using E820 reservations for host bridge windows
[    0.674994] ACPI: Enabled 2 GPEs in block 00 to 07
[    0.678436] ACPI: PCI Root Bridge [PCI0] (domain 0000 [bus 00-ff])
[    0.678436] acpi PNP0A03:00: _OSC: OS supports [ExtendedConfig ASPM ClockPM Segments MSI HPX-Type3]
[    0.678992] acpi PNP0A03:00: _OSC: platform does not support [PCIeCapability LTR]
[    0.679436] acpi PNP0A03:00: _OSC: not requesting control; platform does not support [PCIeCapability]
[    0.679436] acpi PNP0A03:00: _OSC: OS requested [PME PCIeCapability LTR]
[    0.679436] acpi PNP0A03:00: _OSC: platform willing to grant [PME]
[    0.679436] acpi PNP0A03:00: _OSC: platform retains control of PCIe features (AE_SUPPORT)
[    0.679436] PCI host bridge to bus 0000:00
[    0.679436] pci_bus 0000:00: root bus resource [io  0x0000-0x0cf7 window]
[    0.679436] pci_bus 0000:00: root bus resource [io  0x0d00-0xffff window]
[    0.679436] pci_bus 0000:00: root bus resource [mem 0x000a0000-0x000bffff window]
[    0.679436] pci_bus 0000:00: root bus resource [mem 0xe0000000-0xfdffffff window]
[    0.679436] pci_bus 0000:00: root bus resource [bus 00-ff]
[    0.679436] pci 0000:00:00.0: [8086:1237] type 00 class 0x060000 conventional PCI endpoint
[    0.680237] pci 0000:00:01.0: [8086:7000] type 00 class 0x060100 conventional PCI endpoint
[    0.680436] pci 0000:00:01.1: [8086:7111] type 00 class 0x01018a conventional PCI endpoint
[    0.680911] pci 0000:00:01.1: BAR 4 [io  0xd000-0xd00f]
[    0.680986] pci 0000:00:01.1: BAR 0 [io  0x01f0-0x01f7]: legacy IDE quirk
[    0.680991] pci 0000:00:01.1: BAR 1 [io  0x03f6]: legacy IDE quirk
[    0.680995] pci 0000:00:01.1: BAR 2 [io  0x0170-0x0177]: legacy IDE quirk
[    0.680999] pci 0000:00:01.1: BAR 3 [io  0x0376]: legacy IDE quirk
[    0.681374] pci 0000:00:02.0: [15ad:0405] type 00 class 0x030000 conventional PCI endpoint
[    0.681436] pci 0000:00:02.0: BAR 0 [io  0xd010-0xd01f]
[    0.681436] pci 0000:00:02.0: BAR 1 [mem 0xe0000000-0xe0ffffff pref]
[    0.681436] pci 0000:00:02.0: BAR 2 [mem 0xf0000000-0xf01fffff]
[    0.681436] pci 0000:00:02.0: Video device with shadowed ROM at [mem 0x000c0000-0x000dffff]
[    0.681615] pci 0000:00:03.0: [8086:100e] type 00 class 0x020000 conventional PCI endpoint
[    0.682225] pci 0000:00:03.0: BAR 0 [mem 0xf0200000-0xf021ffff]
[    0.682258] pci 0000:00:03.0: BAR 2 [io  0xd020-0xd027]
[    0.682436] pci 0000:00:04.0: [80ee:cafe] type 00 class 0x088000 conventional PCI endpoint
[    0.682939] pci 0000:00:04.0: BAR 0 [io  0xd040-0xd05f]
[    0.682959] pci 0000:00:04.0: BAR 1 [mem 0xf0400000-0xf07fffff]
[    0.682978] pci 0000:00:04.0: BAR 2 [mem 0xf0800000-0xf0803fff pref]
[    0.683379] pci 0000:00:05.0: [8086:2415] type 00 class 0x040100 conventional PCI endpoint
[    0.683436] pci 0000:00:05.0: BAR 0 [io  0xd100-0xd1ff]
[    0.683436] pci 0000:00:05.0: BAR 1 [io  0xd200-0xd23f]
[    0.683630] pci 0000:00:06.0: [106b:003f] type 00 class 0x0c0310 conventional PCI endpoint
[    0.684349] pci 0000:00:06.0: BAR 0 [mem 0xf0804000-0xf0804fff]
[    0.684436] pci 0000:00:07.0: [8086:7113] type 00 class 0x068000 conventional PCI endpoint
[    0.685017] pci 0000:00:07.0: quirk: [io  0x4000-0x403f] claimed by PIIX4 ACPI
[    0.685043] pci 0000:00:07.0: quirk: [io  0x4100-0x410f] claimed by PIIX4 SMB
[    0.685436] pci 0000:00:0b.0: [8086:265c] type 00 class 0x0c0320 conventional PCI endpoint
[    0.685574] pci 0000:00:0b.0: BAR 0 [mem 0xf0805000-0xf0805fff]
[    0.686398] pci 0000:00:0d.0: [8086:2829] type 00 class 0x010601 conventional PCI endpoint
[    0.686436] pci 0000:00:0d.0: BAR 0 [io  0xd240-0xd247]
[    0.686436] pci 0000:00:0d.0: BAR 1 [io  0xd248-0xd24b]
[    0.686436] pci 0000:00:0d.0: BAR 2 [io  0xd250-0xd257]
[    0.686436] pci 0000:00:0d.0: BAR 3 [io  0xd258-0xd25b]
[    0.686436] pci 0000:00:0d.0: BAR 4 [io  0xd260-0xd26f]
[    0.686436] pci 0000:00:0d.0: BAR 5 [mem 0xf0806000-0xf0807fff]
[    0.687436] ACPI: PCI: Interrupt link LNKA configured for IRQ 11
[    0.687436] ACPI: PCI: Interrupt link LNKB configured for IRQ 10
[    0.687436] ACPI: PCI: Interrupt link LNKC configured for IRQ 9
[    0.687450] ACPI: PCI: Interrupt link LNKD configured for IRQ 11
[    0.687649] iommu: Default domain type: Translated
[    0.687653] iommu: DMA domain TLB invalidation policy: lazy mode
[    0.688567] SCSI subsystem initialized
[    0.688655] libata version 3.00 loaded.
[    0.688663] ACPI: bus type USB registered
[    0.688719] usbcore: registered new interface driver usbfs
[    0.688733] usbcore: registered new interface driver hub
[    0.688764] usbcore: registered new device driver usb
[    0.688795] pps_core: LinuxPPS API ver. 1 registered
[    0.688799] pps_core: Software ver. 5.3.6 - Copyright 2005-2007 Rodolfo Giometti <giometti@linux.it>
[    0.688807] PTP clock support registered
[    0.689569] Advanced Linux Sound Architecture Driver Initialized.
[    0.689937] NetLabel: Initializing
[    0.689941] NetLabel:  domain hash size = 128
[    0.689944] NetLabel:  protocols = UNLABELED CIPSOv4 CALIPSO
[    0.689966] NetLabel:  unlabeled traffic allowed by default
[    0.690066] PCI: Using ACPI for IRQ routing
[    0.690066] PCI: pci_cache_line_size set to 64 bytes
[    0.690066] e820: reserve RAM buffer [mem 0x0009fc00-0x0009ffff]
[    0.690066] e820: reserve RAM buffer [mem 0xdfff0000-0xdfffffff]
[    0.690066] e820: reserve RAM buffer [mem 0x295100000-0x297ffffff]
[    0.690073] pci 0000:00:02.0: vgaarb: setting as boot VGA device
[    0.690073] pci 0000:00:02.0: vgaarb: bridge control possible
[    0.690073] pci 0000:00:02.0: vgaarb: VGA device added: decodes=io+mem,owns=io+mem,locks=none
[    0.690073] vgaarb: loaded
[    0.690441] clocksource: Switched to clocksource kvm-clock
[    0.691206] VFS: Disk quotas dquot_6.6.0
[    0.691226] VFS: Dquot-cache hash table entries: 512 (order 0, 4096 bytes)
[    0.695446] pnp: PnP ACPI init
[    0.696666] pnp: PnP ACPI: found 2 devices
[    0.729091] clocksource: acpi_pm: mask: 0xffffff max_cycles: 0xffffff, max_idle_ns: 2085701024 ns
[    0.729118] NET: Registered PF_INET protocol family
[    0.730062] IP idents hash table entries: 262144 (order: 9, 2097152 bytes, linear)
[    0.735765] tcp_listen_portaddr_hash hash table entries: 8192 (order: 5, 131072 bytes, linear)
[    0.736307] Table-perturb hash table entries: 65536 (order: 6, 262144 bytes, linear)
[    0.736379] TCP established hash table entries: 131072 (order: 8, 1048576 bytes, linear)
[    0.736994] TCP bind hash table entries: 65536 (order: 9, 2097152 bytes, linear)
[    0.736994] TCP: Hash tables configured (established 131072 bind 65536)
[    0.736994] UDP hash table entries: 8192 (order: 7, 524288 bytes, linear)
[    0.736994] UDP-Lite hash table entries: 8192 (order: 7, 524288 bytes, linear)
[    0.736994] NET: Registered PF_UNIX/PF_LOCAL protocol family
[    0.746427] RPC: Registered named UNIX socket transport module.
[    0.746433] RPC: Registered udp transport module.
[    0.746437] RPC: Registered tcp transport module.
[    0.746440] RPC: Registered tcp-with-tls transport module.
[    0.746444] RPC: Registered tcp NFSv4.1 backchannel transport module.
[    0.747356] pci_bus 0000:00: resource 4 [io  0x0000-0x0cf7 window]
[    0.747362] pci_bus 0000:00: resource 5 [io  0x0d00-0xffff window]
[    0.747367] pci_bus 0000:00: resource 6 [mem 0x000a0000-0x000bffff window]
[    0.747371] pci_bus 0000:00: resource 7 [mem 0xe0000000-0xfdffffff window]
[    0.747483] pci 0000:00:00.0: Limiting direct PCI/PCI transfers
[    0.748208] PCI: CLS 0 bytes, default 64
[    0.748208] PCI-DMA: Using software bounce buffering for IO (SWIOTLB)
[    0.748208] software IO TLB: mapped [mem 0x00000000dbff0000-0x00000000dfff0000] (64MB)
[    0.748208] platform rtc_cmos: registered platform RTC device (no PNP device found)
[    0.759426] Initialise system trusted keyrings
[    0.760110] workingset: timestamp_bits=40 max_order=22 bucket_order=0
[    0.761191] NFS: Registering the id_resolver key type
[    0.761201] Key type id_resolver registered
[    0.761205] Key type id_legacy registered
[    0.761624] 9p: Installing v9fs 9p2000 file system support
[    0.767067] Key type asymmetric registered
[    0.767067] Asymmetric key parser 'x509' registered
[    0.767067] Block layer SCSI generic (bsg) driver version 0.4 loaded (major 251)
[    0.767067] io scheduler mq-deadline registered
[    0.767067] io scheduler kyber registered
[    0.774200] ACPI: AC: AC Adapter [AC] (on-line)
[    0.774261] input: Power Button as /devices/LNXSYSTM:00/LNXPWRBN:00/input/input0
[    0.774336] ACPI: button: Power Button [PWRF]
[    0.774394] input: Sleep Button as /devices/LNXSYSTM:00/LNXSLPBN:00/input/input1
[    0.774453] ACPI: button: Sleep Button [SLPF]
[    0.774511] ACPI: video: Video Device [GFX0] (multi-head: yes  rom: no  post: no)
[    0.774582] input: Video Bus as /devices/LNXSYSTM:00/LNXSYBUS:00/PNP0A03:00/LNXVIDEO:00/input/input2
[    0.777838] Serial: 8250/16550 driver, 4 ports, IRQ sharing enabled
[    0.780410] Non-volatile memory driver v1.3
[    0.780415] Linux agpgart interface v0.103
[    0.780521] ACPI: bus type drm_connector registered
[    0.786619] loop: module loaded
[    0.787421] ahci 0000:00:0d.0: SSS flag set, parallel bus scan disabled
[    0.787421] ahci 0000:00:0d.0: AHCI vers 0001.0100, 32 command slots, 3 Gbps, SATA mode
[    0.787421] ahci 0000:00:0d.0: 1/1 ports implemented (port mask 0x1)
[    0.787421] ahci 0000:00:0d.0: flags: 64bit ncq stag only ccc 
[    0.791344] scsi host0: ahci
[    0.793400] ata1: SATA max UDMA/133 abar m8192@0xf0806000 port 0xf0806100 irq 21 lpm-pol 1
[    0.796122] scsi host1: ata_piix
[    0.797501] scsi host2: ata_piix
[    0.797563] ata2: PATA max UDMA/33 cmd 0x1f0 ctl 0x3f6 bmdma 0xd000 irq 14 lpm-pol 0
[    0.797568] ata3: PATA max UDMA/33 cmd 0x170 ctl 0x376 bmdma 0xd008 irq 15 lpm-pol 0
[    0.798257] e100: Intel(R) PRO/100 Network Driver
[    0.798263] e100: Copyright(c) 1999-2006 Intel Corporation
[    0.798281] e1000: Intel(R) PRO/1000 Network Driver
[    0.798285] e1000: Copyright (c) 1999-2006 Intel Corporation.
[    0.982291] ata3.00: ATAPI: VBOX CD-ROM, 1.0, max UDMA/133
[    1.248090] ata1: SATA link up 3.0 Gbps (SStatus 123 SControl 300)
[    1.248533] ata1.00: ATA-6: VBOX HARDDISK, 1.0, max UDMA/133
[    1.248539] ata1.00: 104857600 sectors, multi 128: LBA48 NCQ (depth 32)
[    1.249181] ata1.00: configured for UDMA/133
[    1.249586] scsi 0:0:0:0: Direct-Access     ATA      VBOX HARDDISK    1.0  PQ: 0 ANSI: 5
[    1.250243] scsi 0:0:0:0: Attached scsi generic sg0 type 0
[    1.251232] sd 0:0:0:0: [sda] 104857600 512-byte logical blocks: (53.7 GB/50.0 GiB)
[    1.251247] sd 0:0:0:0: [sda] Write Protect is off
[    1.251252] sd 0:0:0:0: [sda] Mode Sense: 00 3a 00 00
[    1.251263] sd 0:0:0:0: [sda] Write cache: enabled, read cache: enabled, doesn't support DPO or FUA
[    1.251288] sd 0:0:0:0: [sda] Preferred minimum I/O size 512 bytes
[    1.252183] scsi 2:0:0:0: CD-ROM            VBOX     CD-ROM           1.0  PQ: 0 ANSI: 5
[    1.377370] e1000 0000:00:03.0 eth0: (PCI:33MHz:32-bit) 08:00:27:93:94:7b
[    1.377370] e1000 0000:00:03.0 eth0: Intel(R) PRO/1000 Network Connection
[    1.377370] e1000e: Intel(R) PRO/1000 Network Driver
[    1.377370] e1000e: Copyright(c) 1999 - 2015 Intel Corporation.
[    1.377370] sky2: driver version 1.30
[    1.403431] ohci-pci 0000:00:06.0: OHCI PCI host controller
[    1.403791] ohci-pci 0000:00:06.0: new USB bus registered, assigned bus number 1
[    1.404249] ohci-pci 0000:00:06.0: irq 22, io mem 0xf0804000
[    1.410569]  sda: sda1 sda2 sda3 < sda5 sda6 > sda4
[    1.410951] sr 2:0:0:0: [sr0] scsi3-mmc drive: 32x/32x xa/form2 tray
[    1.410957] cdrom: Uniform CD-ROM driver Revision: 3.20
[    1.412507] sd 0:0:0:0: [sda] Attached SCSI disk
[    1.966919] usb usb1: New USB device found, idVendor=1d6b, idProduct=0001, bcdDevice= 6.18
[    1.966932] usb usb1: New USB device strings: Mfr=3, Product=2, SerialNumber=1
[    1.966938] usb usb1: Product: OHCI PCI host controller
[    1.966942] usb usb1: Manufacturer: Linux 6.18.0-rc3-00016-ge53642b87a4f ohci_hcd
[    1.966947] usb usb1: SerialNumber: 0000:00:06.0
[    1.967590] hub 1-0:1.0: USB hub found
[    1.967656] hub 1-0:1.0: 12 ports detected
[    1.970013] ehci-pci 0000:00:0b.0: EHCI Host Controller
[    1.970210] usbcore: registered new interface driver usblp
[    1.970238] usbcore: registered new interface driver usb-storage
[    1.970276] i8042: PNP: PS/2 Controller [PNP0303:PS2K,PNP0f03:PS2M] at 0x60,0x64 irq 1,12
[    1.970461] ehci-pci 0000:00:0b.0: new USB bus registered, assigned bus number 2
[    1.971335] ehci-pci 0000:00:0b.0: irq 19, io mem 0xf0805000
[    1.972202] sr 2:0:0:0: Attached scsi CD-ROM sr0
[    1.972569] serio: i8042 KBD port at 0x60,0x64 irq 1
[    1.972578] serio: i8042 AUX port at 0x60,0x64 irq 12
[    1.972998] sr 2:0:0:0: Attached scsi generic sg1 type 5
[    1.975538] rtc_cmos rtc_cmos: registered as rtc0
[    1.975715] rtc_cmos rtc_cmos: alarms up to one day, 114 bytes nvram
[    1.976275] device-mapper: ioctl: 4.50.0-ioctl (2025-04-28) initialised: dm-devel@lists.linux.dev
[    1.976327] amd_pstate: the _CPC object is not present in SBIOS or ACPI disabled
[    1.977238] ehci-pci 0000:00:0b.0: USB 2.0 started, EHCI 1.00
[    1.977305] usb usb2: New USB device found, idVendor=1d6b, idProduct=0002, bcdDevice= 6.18
[    1.977312] usb usb2: New USB device strings: Mfr=3, Product=2, SerialNumber=1
[    1.977318] usb usb2: Product: EHCI Host Controller
[    1.977322] usb usb2: Manufacturer: Linux 6.18.0-rc3-00016-ge53642b87a4f ehci_hcd
[    1.977327] usb usb2: SerialNumber: 0000:00:0b.0
[    1.977365] simple-framebuffer simple-framebuffer.0: [drm] Registered 1 planes with drm panic
[    1.977371] [drm] Initialized simpledrm 1.0.0 for simple-framebuffer.0 on minor 0
[    1.977765] hub 2-0:1.0: USB hub found
[    1.977776] hub 2-0:1.0: 12 ports detected
[    1.992061] input: AT Translated Set 2 keyboard as /devices/platform/i8042/serio0/input/input3
[    1.992983] Console: switching to colour frame buffer device 128x48
[    1.994037] simple-framebuffer simple-framebuffer.0: [drm] fb0: simpledrmdrmfb frame buffer device
[    1.995052] hid: raw HID events driver (C) Jiri Kosina
[    1.995365] usbcore: registered new interface driver usbhid
[    1.995374] usbhid: USB HID core driver
[    2.005918] Initializing XFRM netlink socket
[    2.006126] NET: Registered PF_INET6 protocol family
[    2.008426] Segment Routing with IPv6
[    2.008458] In-situ OAM (IOAM) with IPv6
[    2.008624] sit: IPv6, IPv4 and MPLS over IPv4 tunneling driver
[    2.008991] NET: Registered PF_PACKET protocol family
[    2.009073] 9pnet: Installing 9P2000 support
[    2.009120] Key type dns_resolver registered
[    2.011126] IPI shorthand broadcast: enabled
[    2.017817] sched_clock: Marking stable (2005176429, 11829513)->(2053410890, -36404948)
[    2.019348] registered taskstats version 1
[    2.019359] Loading compiled-in X.509 certificates
[    2.021537] input: ImExPS/2 Generic Explorer Mouse as /devices/platform/i8042/serio1/input/input5
[    2.024187] Demotion targets for Node 0: null
[    2.024954] PM:   Magic number: 13:924:789
[    2.025010] netconsole: network logging started
[    2.025102] cfg80211: Loading compiled-in X.509 certificates for regulatory database
[    2.026000] kworker/u24:0 (87) used greatest stack depth: 14312 bytes left
[    2.028341] Loaded X.509 cert 'sforshee: 00b28ddf47aef9cea7'
[    2.028902] Loaded X.509 cert 'wens: 61c038651aabdcf94bd0ac7ff06c7248db18c600'
[    2.029345] faux_driver regulatory: Direct firmware load for regulatory.db failed with error -2
[    2.030029] cfg80211: failed to load regulatory.db
[    2.030009] ALSA device list:
[    2.030409]   No soundcards found.
[    2.030922] check access for rdinit=/init failed: -2, ignoring
[    2.031122] md: Waiting for all devices to be available before autodetect
[    2.031285] md: If you don't use raid, use raid=noautodetect
[    2.031448] md: Autodetecting RAID arrays.
[    2.031618] md: autorun ...
[    2.031787] md: ... autorun DONE.
[    2.039907] EXT4-fs (sda4): INFO: recovery required on readonly filesystem
[    2.040119] EXT4-fs (sda4): write access will be enabled during recovery
[    2.252974] usb 1-1: new full-speed USB device number 2 using ohci-pci
[    2.689703] usb 1-1: New USB device found, idVendor=80ee, idProduct=0021, bcdDevice= 1.00
[    2.690175] usb 1-1: New USB device strings: Mfr=1, Product=3, SerialNumber=0
[    2.690379] usb 1-1: Product: USB Tablet
[    2.690551] usb 1-1: Manufacturer: VirtualBox
[    2.709367] input: VirtualBox USB Tablet as /devices/pci0000:00/0000:00:06.0/usb1/1-1/1-1:1.0/0003:80EE:0021.0001/input/input6
[    2.710676] hid-generic 0003:80EE:0021.0001: input,hidraw0: USB HID v1.10 Mouse [VirtualBox USB Tablet] on usb-0000:00:06.0-1/input0
[    3.014322] EXT4-fs (sda4): recovery complete
[    3.016363] EXT4-fs (sda4): mounted filesystem 214eedd9-76e9-4191-818b-95e0c0f893a1 ro with ordered data mode. Quota mode: none.
[    3.016849] VFS: Mounted root (ext4 filesystem) readonly on device 8:4.
[    3.018311] devtmpfs: mounted
[    3.019647] Freeing unused kernel image (initmem) memory: 2836K
[    3.020149] Write protecting the kernel read-only data: 28672k
[    3.021577] Freeing unused kernel image (text/rodata gap) memory: 1424K
[    3.022402] Freeing unused kernel image (rodata/data gap) memory: 736K
[    3.062535] x86/mm: Checked W+X mappings: passed, no W+X pages found.
[    3.062939] Run /sbin/init as init process
[    3.063109]   with arguments:
[    3.063110]     /sbin/init
[    3.063111]   with environment:
[    3.063112]     HOME=/
[    3.063113]     TERM=linux
[    3.134987] stty (97) used greatest stack depth: 12632 bytes left
[    3.144994] dmesg (98) used greatest stack depth: 12504 bytes left
[    3.186546] echo (107) used greatest stack depth: 12480 bytes left
[    3.380485] ip (198) used greatest stack depth: 12424 bytes left
[    3.448858] udevd[223]: Starting systemd-udevd version 257.8
[    3.470688] udevd[224]: Using default interface naming scheme 'v257'.
[    3.598419] e1000 0000:00:03.0 enp0s3: renamed from eth0
[   11.265938] Adding 1951740k swap on /dev/sda5.  Priority:1 extents:1 across:1951740k 
[   11.303399] EXT4-fs (sda4): re-mounted 214eedd9-76e9-4191-818b-95e0c0f893a1.
[   11.365304] EXT4-fs (sda4): re-mounted 214eedd9-76e9-4191-818b-95e0c0f893a1 r/w.
[   12.350280] e1000: enp0s3 NIC Link is Up 1000 Mbps Full Duplex, Flow Control: RX
