Feb 12 03:05:07 yoson kernel: klogd 1.5.1, log source = /proc/kmsg started.
Feb 12 03:05:07 yoson kernel: Inspecting /boot/System.map-4.20.12
Feb 12 03:05:07 yoson kernel: Cannot find map file.
Feb 12 03:05:07 yoson kernel: Loaded 48980 symbols from 1 module.
Feb 12 03:05:07 yoson kernel: [    0.000000] Linux version 4.20.12 (root@yoson) (gcc version 8.2.0 (GCC)) #1 SMP Wed Feb 12 00:07:56 KST 2025
Feb 12 03:05:07 yoson kernel: [    0.000000] Command line: BOOT_IMAGE=/boot/vmlinuz-4.20.12-yoson root=/dev/sda4 ro
Feb 12 03:05:07 yoson kernel: [    0.000000] [Firmware Bug]: TSC doesn't count with P0 frequency!
Feb 12 03:05:07 yoson kernel: [    0.000000] x86/fpu: x87 FPU will use FXSAVE
Feb 12 03:05:07 yoson kernel: [    0.000000] BIOS-provided physical RAM map:
Feb 12 03:05:07 yoson kernel: [    0.000000] BIOS-e820: [mem 0x0000000000000000-0x000000000009fbff] usable
Feb 12 03:05:07 yoson kernel: [    0.000000] BIOS-e820: [mem 0x000000000009fc00-0x000000000009ffff] reserved
Feb 12 03:05:07 yoson kernel: [    0.000000] BIOS-e820: [mem 0x00000000000f0000-0x00000000000fffff] reserved
Feb 12 03:05:07 yoson kernel: [    0.000000] BIOS-e820: [mem 0x0000000000100000-0x00000000dffeffff] usable
Feb 12 03:05:07 yoson kernel: [    0.000000] BIOS-e820: [mem 0x00000000dfff0000-0x00000000dfffffff] ACPI data
Feb 12 03:05:07 yoson kernel: [    0.000000] BIOS-e820: [mem 0x00000000fec00000-0x00000000fec00fff] reserved
Feb 12 03:05:07 yoson kernel: [    0.000000] BIOS-e820: [mem 0x00000000fee00000-0x00000000fee00fff] reserved
Feb 12 03:05:07 yoson kernel: [    0.000000] BIOS-e820: [mem 0x00000000fffc0000-0x00000000ffffffff] reserved
Feb 12 03:05:07 yoson kernel: [    0.000000] BIOS-e820: [mem 0x0000000100000000-0x000000021fffffff] usable
Feb 12 03:05:07 yoson kernel: [    0.000000] NX (Execute Disable) protection: active
Feb 12 03:05:07 yoson kernel: [    0.000000] SMBIOS 2.5 present.
Feb 12 03:05:07 yoson kernel: [    0.000000] DMI: innotek GmbH VirtualBox/VirtualBox, BIOS VirtualBox 12/01/2006
Feb 12 03:05:07 yoson kernel: [    0.000000] e820: update [mem 0x00000000-0x00000fff] usable ==> reserved
Feb 12 03:05:07 yoson kernel: [    0.000000] e820: remove [mem 0x000a0000-0x000fffff] usable
Feb 12 03:05:07 yoson kernel: [    0.000000] last_pfn = 0x220000 max_arch_pfn = 0x400000000
Feb 12 03:05:07 yoson kernel: [    0.000000] MTRR default type: uncachable
Feb 12 03:05:07 yoson kernel: [    0.000000] MTRR fixed ranges enabled:
Feb 12 03:05:07 yoson kernel: [    0.000000]   00000-9FFFF write-back
Feb 12 03:05:07 yoson kernel: [    0.000000]   A0000-BFFFF uncachable
Feb 12 03:05:07 yoson kernel: [    0.000000]   C0000-FFFFF write-protect
Feb 12 03:05:07 yoson kernel: [    0.000000] MTRR variable ranges enabled:
Feb 12 03:05:07 yoson kernel: [    0.000000]   0 disabled
Feb 12 03:05:07 yoson kernel: [    0.000000]   1 disabled
Feb 12 03:05:07 yoson kernel: [    0.000000]   2 disabled
Feb 12 03:05:07 yoson kernel: [    0.000000]   3 disabled
Feb 12 03:05:07 yoson kernel: [    0.000000]   4 disabled
Feb 12 03:05:07 yoson kernel: [    0.000000]   5 disabled
Feb 12 03:05:07 yoson kernel: [    0.000000]   6 disabled
Feb 12 03:05:07 yoson kernel: [    0.000000]   7 disabled
Feb 12 03:05:07 yoson kernel: [    0.000000] x86/PAT: Configuration [0-7]: WB  WC  UC- UC  WB  WP  UC- WT  
Feb 12 03:05:07 yoson kernel: [    0.000000] CPU MTRRs all blank - virtualized system.
Feb 12 03:05:07 yoson kernel: [    0.000000] last_pfn = 0xdfff0 max_arch_pfn = 0x400000000
Feb 12 03:05:07 yoson kernel: [    0.000000] found SMP MP-table at [mem 0x0009fbf0-0x0009fbff] mapped at [(____ptrval____)]
Feb 12 03:05:07 yoson kernel: [    0.000000] check: Scanning 1 areas for low memory corruption
Feb 12 03:05:07 yoson kernel: [    0.000000] Base memory trampoline at [(____ptrval____)] 99000 size 24576
Feb 12 03:05:07 yoson kernel: [    0.000000] BRK [0x70801000, 0x70801fff] PGTABLE
Feb 12 03:05:07 yoson kernel: [    0.000000] BRK [0x70802000, 0x70802fff] PGTABLE
Feb 12 03:05:07 yoson kernel: [    0.000000] BRK [0x70803000, 0x70803fff] PGTABLE
Feb 12 03:05:07 yoson kernel: [    0.000000] BRK [0x70804000, 0x70804fff] PGTABLE
Feb 12 03:05:07 yoson kernel: [    0.000000] BRK [0x70805000, 0x70805fff] PGTABLE
Feb 12 03:05:07 yoson kernel: [    0.000000] BRK [0x70806000, 0x70806fff] PGTABLE
Feb 12 03:05:07 yoson kernel: [    0.000000] BRK [0x70807000, 0x70807fff] PGTABLE
Feb 12 03:05:07 yoson kernel: [    0.000000] BRK [0x70808000, 0x70808fff] PGTABLE
Feb 12 03:05:07 yoson kernel: [    0.000000] BRK [0x70809000, 0x70809fff] PGTABLE
Feb 12 03:05:07 yoson kernel: [    0.000000] ACPI: Early table checksum verification disabled
Feb 12 03:05:07 yoson kernel: [    0.000000] ACPI: RSDP 0x00000000000E0000 000024 (v02 VBOX  )
Feb 12 03:05:07 yoson kernel: [    0.000000] ACPI: XSDT 0x00000000DFFF0030 00003C (v01 VBOX   VBOXXSDT 00000001 ASL  00000061)
Feb 12 03:05:07 yoson kernel: [    0.000000] ACPI: FACP 0x00000000DFFF00F0 0000F4 (v04 VBOX   VBOXFACP 00000001 ASL  00000061)
Feb 12 03:05:07 yoson kernel: [    0.000000] ACPI: DSDT 0x00000000DFFF0620 002353 (v02 VBOX   VBOXBIOS 00000002 INTL 20100528)
Feb 12 03:05:07 yoson kernel: [    0.000000] ACPI: FACS 0x00000000DFFF0200 000040
Feb 12 03:05:07 yoson kernel: [    0.000000] ACPI: FACS 0x00000000DFFF0200 000040
Feb 12 03:05:07 yoson kernel: [    0.000000] ACPI: APIC 0x00000000DFFF0240 00006C (v02 VBOX   VBOXAPIC 00000001 ASL  00000061)
Feb 12 03:05:07 yoson kernel: [    0.000000] ACPI: SSDT 0x00000000DFFF02B0 00036C (v01 VBOX   VBOXCPUT 00000002 INTL 20100528)
Feb 12 03:05:07 yoson kernel: [    0.000000] ACPI: Local APIC address 0xfee00000
Feb 12 03:05:07 yoson kernel: [    0.000000] No NUMA configuration found
Feb 12 03:05:07 yoson kernel: [    0.000000] Faking a node at [mem 0x0000000000000000-0x000000021fffffff]
Feb 12 03:05:07 yoson kernel: [    0.000000] NODE_DATA(0) allocated [mem 0x21fff8000-0x21fffbfff]
Feb 12 03:05:07 yoson kernel: [    0.000000] Zone ranges:
Feb 12 03:05:07 yoson kernel: [    0.000000]   DMA      [mem 0x0000000000001000-0x0000000000ffffff]
Feb 12 03:05:07 yoson kernel: [    0.000000]   DMA32    [mem 0x0000000001000000-0x00000000ffffffff]
Feb 12 03:05:07 yoson kernel: [    0.000000]   Normal   [mem 0x0000000100000000-0x000000021fffffff]
Feb 12 03:05:07 yoson kernel: [    0.000000] Movable zone start for each node
Feb 12 03:05:07 yoson kernel: [    0.000000] Early memory node ranges
Feb 12 03:05:07 yoson kernel: [    0.000000]   node   0: [mem 0x0000000000001000-0x000000000009efff]
Feb 12 03:05:07 yoson kernel: [    0.000000]   node   0: [mem 0x0000000000100000-0x00000000dffeffff]
Feb 12 03:05:07 yoson kernel: [    0.000000]   node   0: [mem 0x0000000100000000-0x000000021fffffff]
Feb 12 03:05:07 yoson kernel: [    0.000000] Zeroed struct page in unavailable ranges: 114 pages
Feb 12 03:05:07 yoson kernel: [    0.000000] Initmem setup node 0 [mem 0x0000000000001000-0x000000021fffffff]
Feb 12 03:05:07 yoson kernel: [    0.000000] On node 0 totalpages: 2097038
Feb 12 03:05:07 yoson kernel: [    0.000000]   DMA zone: 64 pages used for memmap
Feb 12 03:05:07 yoson kernel: [    0.000000]   DMA zone: 21 pages reserved
Feb 12 03:05:07 yoson kernel: [    0.000000]   DMA zone: 3998 pages, LIFO batch:0
Feb 12 03:05:07 yoson kernel: [    0.000000]   DMA32 zone: 14272 pages used for memmap
Feb 12 03:05:07 yoson kernel: [    0.000000]   DMA32 zone: 913392 pages, LIFO batch:63
Feb 12 03:05:07 yoson kernel: [    0.000000]   Normal zone: 18432 pages used for memmap
Feb 12 03:05:07 yoson kernel: [    0.000000]   Normal zone: 1179648 pages, LIFO batch:63
Feb 12 03:05:07 yoson kernel: [    0.000000] ACPI: PM-Timer IO Port: 0x4008
Feb 12 03:05:07 yoson kernel: [    0.000000] ACPI: Local APIC address 0xfee00000
Feb 12 03:05:07 yoson kernel: [    0.000000] IOAPIC[0]: apic_id 4, version 32, address 0xfec00000, GSI 0-23
Feb 12 03:05:07 yoson kernel: [    0.000000] ACPI: INT_SRC_OVR (bus 0 bus_irq 0 global_irq 2 dfl dfl)
Feb 12 03:05:07 yoson kernel: [    0.000000] ACPI: INT_SRC_OVR (bus 0 bus_irq 9 global_irq 9 low level)
Feb 12 03:05:07 yoson kernel: [    0.000000] ACPI: IRQ0 used by override.
Feb 12 03:05:07 yoson kernel: [    0.000000] ACPI: IRQ9 used by override.
Feb 12 03:05:07 yoson kernel: [    0.000000] Using ACPI (MADT) for SMP configuration information
Feb 12 03:05:07 yoson kernel: [    0.000000] smpboot: Allowing 4 CPUs, 0 hotplug CPUs
Feb 12 03:05:07 yoson kernel: [    0.000000] PM: Registered nosave memory: [mem 0x00000000-0x00000fff]
Feb 12 03:05:07 yoson kernel: [    0.000000] PM: Registered nosave memory: [mem 0x0009f000-0x0009ffff]
Feb 12 03:05:07 yoson kernel: [    0.000000] PM: Registered nosave memory: [mem 0x000a0000-0x000effff]
Feb 12 03:05:07 yoson kernel: [    0.000000] PM: Registered nosave memory: [mem 0x000f0000-0x000fffff]
Feb 12 03:05:07 yoson kernel: [    0.000000] PM: Registered nosave memory: [mem 0xdfff0000-0xdfffffff]
Feb 12 03:05:07 yoson kernel: [    0.000000] PM: Registered nosave memory: [mem 0xe0000000-0xfebfffff]
Feb 12 03:05:07 yoson kernel: [    0.000000] PM: Registered nosave memory: [mem 0xfec00000-0xfec00fff]
Feb 12 03:05:07 yoson kernel: [    0.000000] PM: Registered nosave memory: [mem 0xfec01000-0xfedfffff]
Feb 12 03:05:07 yoson kernel: [    0.000000] PM: Registered nosave memory: [mem 0xfee00000-0xfee00fff]
Feb 12 03:05:07 yoson kernel: [    0.000000] PM: Registered nosave memory: [mem 0xfee01000-0xfffbffff]
Feb 12 03:05:07 yoson kernel: [    0.000000] PM: Registered nosave memory: [mem 0xfffc0000-0xffffffff]
Feb 12 03:05:07 yoson kernel: [    0.000000] [mem 0xe0000000-0xfebfffff] available for PCI devices
Feb 12 03:05:07 yoson kernel: [    0.000000] clocksource: refined-jiffies: mask: 0xffffffff max_cycles: 0xffffffff, max_idle_ns: 1910969940391419 ns
Feb 12 03:05:07 yoson kernel: [    0.000000] random: get_random_bytes called from start_kernel+0x8a/0x485 with crng_init=0
Feb 12 03:05:07 yoson kernel: [    0.000000] setup_percpu: NR_CPUS:64 nr_cpumask_bits:64 nr_cpu_ids:4 nr_node_ids:1
Feb 12 03:05:07 yoson kernel: [    0.000000] percpu: Embedded 43 pages/cpu @(____ptrval____) s137944 r8192 d29992 u524288
Feb 12 03:05:07 yoson kernel: [    0.000000] pcpu-alloc: s137944 r8192 d29992 u524288 alloc=1*2097152
Feb 12 03:05:07 yoson kernel: [    0.000000] pcpu-alloc: [0] 0 1 2 3 
Feb 12 03:05:07 yoson kernel: [    0.000000] Built 1 zonelists, mobility grouping on.  Total pages: 2064249
Feb 12 03:05:07 yoson kernel: [    0.000000] Policy zone: Normal
Feb 12 03:05:07 yoson kernel: [    0.000000] Kernel command line: BOOT_IMAGE=/boot/vmlinuz-4.20.12-yoson root=/dev/sda4 ro
Feb 12 03:05:07 yoson kernel: [    0.000000] Calgary: detecting Calgary via BIOS EBDA area
Feb 12 03:05:07 yoson kernel: [    0.000000] Calgary: Unable to locate Rio Grande table in EBDA - bailing!
Feb 12 03:05:07 yoson kernel: [    0.000000] Memory: 8163572K/8388152K available (12293K kernel code, 1269K rwdata, 3148K rodata, 1244K init, 1532K bss, 224580K reserved, 0K cma-reserved)
Feb 12 03:05:07 yoson kernel: [    0.000000] SLUB: HWalign=64, Order=0-3, MinObjects=0, CPUs=4, Nodes=1
Feb 12 03:05:07 yoson kernel: [    0.000000] rcu: Hierarchical RCU implementation.
Feb 12 03:05:07 yoson kernel: [    0.000000] rcu: ^IRCU event tracing is enabled.
Feb 12 03:05:07 yoson kernel: [    0.000000] rcu: ^IRCU restricting CPUs from NR_CPUS=64 to nr_cpu_ids=4.
Feb 12 03:05:07 yoson kernel: [    0.000000] rcu: RCU calculated value of scheduler-enlistment delay is 100 jiffies.
Feb 12 03:05:07 yoson kernel: [    0.000000] rcu: Adjusting geometry for rcu_fanout_leaf=16, nr_cpu_ids=4
Feb 12 03:05:07 yoson kernel: [    0.000000] NR_IRQS: 4352, nr_irqs: 456, preallocated irqs: 16
Feb 12 03:05:07 yoson kernel: [    0.000000] Console: colour VGA+ 80x25
Feb 12 03:05:07 yoson kernel: [    0.000000] printk: console [tty0] enabled
Feb 12 03:05:07 yoson kernel: [    0.000000] ACPI: Core revision 20181003
Feb 12 03:05:07 yoson kernel: [    0.000000] APIC: Switch to symmetric I/O mode setup
Feb 12 03:05:07 yoson kernel: [    0.000000] ..TIMER: vector=0x30 apic1=0 pin1=2 apic2=-1 pin2=-1
Feb 12 03:05:07 yoson kernel: [    0.000000] ..MP-BIOS bug: 8254 timer not connected to IO-APIC
Feb 12 03:05:07 yoson kernel: [    0.000000] ...trying to set up timer (IRQ0) through the 8259A ...
Feb 12 03:05:07 yoson kernel: [    0.000000] ..... (found apic 0 pin 2) ...
Feb 12 03:05:07 yoson kernel: [    0.000000] ....... failed.
Feb 12 03:05:07 yoson kernel: [    0.000000] ...trying to set up timer as Virtual Wire IRQ...
Feb 12 03:05:07 yoson kernel: [    0.006000] ..... works.
Feb 12 03:05:07 yoson kernel: [    0.009000] tsc: Unable to calibrate against PIT
Feb 12 03:05:07 yoson kernel: [    0.010000] tsc: HPET/PMTIMER calibration failed
Feb 12 03:05:07 yoson kernel: [    0.010000] tsc: Marking TSC unstable due to could not calculate TSC khz
Feb 12 03:05:07 yoson kernel: [    0.011000] Calibrating delay loop... 12427.26 BogoMIPS (lpj=6213632)
Feb 12 03:05:07 yoson kernel: [    0.016000] pid_max: default: 32768 minimum: 301
Feb 12 03:05:07 yoson kernel: [    0.017000] LSM: Security Framework initializing
Feb 12 03:05:07 yoson kernel: [    0.018000] SELinux:  Initializing.
Feb 12 03:05:07 yoson kernel: [    0.036000] Dentry cache hash table entries: 1048576 (order: 11, 8388608 bytes)
Feb 12 03:05:07 yoson kernel: [    0.046000] Inode-cache hash table entries: 524288 (order: 10, 4194304 bytes)
Feb 12 03:05:07 yoson kernel: [    0.047000] Mount-cache hash table entries: 16384 (order: 5, 131072 bytes)
Feb 12 03:05:07 yoson kernel: [    0.048000] Mountpoint-cache hash table entries: 16384 (order: 5, 131072 bytes)
Feb 12 03:05:07 yoson kernel: [    0.050000] mce: CPU supports 0 MCE banks
Feb 12 03:05:07 yoson kernel: [    0.051000] Last level iTLB entries: 4KB 512, 2MB 512, 4MB 256
Feb 12 03:05:07 yoson kernel: [    0.052000] Last level dTLB entries: 4KB 2048, 2MB 2048, 4MB 1024, 1GB 0
Feb 12 03:05:07 yoson kernel: [    0.053000] Spectre V2 : Spectre mitigation: LFENCE not serializing, switching to generic retpoline
Feb 12 03:05:07 yoson kernel: [    0.054000] Spectre V2 : Mitigation: Full generic retpoline
Feb 12 03:05:07 yoson kernel: [    0.055000] Spectre V2 : Spectre v2 / SpectreRSB mitigation: Filling RSB on context switch
Feb 12 03:05:07 yoson kernel: [    0.057000] Freeing SMP alternatives memory: 40K
Feb 12 03:05:07 yoson kernel: [    0.058000] smpboot: CPU0: AMD Ryzen 5 5600 6-Core Processor (family: 0x19, model: 0x21, stepping: 0x2)
Feb 12 03:05:07 yoson kernel: [    0.059000] Performance Events: PMU not available due to virtualization, using software events only.
Feb 12 03:05:07 yoson kernel: [    0.060000] rcu: Hierarchical SRCU implementation.
Feb 12 03:05:07 yoson kernel: [    0.061000] Huh? What family is it: 0x19?!
Feb 12 03:05:07 yoson kernel: [    0.062000] smp: Bringing up secondary CPUs ...
Feb 12 03:05:07 yoson kernel: [    0.064000] x86: Booting SMP configuration:
Feb 12 03:05:07 yoson kernel: [    0.065000] .... node  #0, CPUs:      #1
Feb 12 03:05:07 yoson kernel: [    0.001000] mce: CPU supports 0 MCE banks
Feb 12 03:05:07 yoson kernel: [    0.067000]  #2
Feb 12 03:05:07 yoson kernel: [    0.001000] mce: CPU supports 0 MCE banks
Feb 12 03:05:07 yoson kernel: [    0.069000]  #3
Feb 12 03:05:07 yoson kernel: [    0.001000] mce: CPU supports 0 MCE banks
Feb 12 03:05:07 yoson kernel: [    0.072000] smp: Brought up 1 node, 4 CPUs
Feb 12 03:05:07 yoson kernel: [    0.075000] smpboot: Max logical packages: 1
Feb 12 03:05:07 yoson kernel: [    0.075000] smpboot: Total of 4 processors activated (49709.05 BogoMIPS)
Feb 12 03:05:07 yoson kernel: [    0.078000] devtmpfs: initialized
Feb 12 03:05:07 yoson kernel: [    0.079000] clocksource: jiffies: mask: 0xffffffff max_cycles: 0xffffffff, max_idle_ns: 1911260446275000 ns
Feb 12 03:05:07 yoson kernel: [    0.080000] futex hash table entries: 1024 (order: 4, 65536 bytes)
Feb 12 03:05:07 yoson kernel: [    0.083000] RTC time: 18:05:03, date: 02/11/25
Feb 12 03:05:07 yoson kernel: [    0.084000] NET: Registered protocol family 16
Feb 12 03:05:07 yoson kernel: [    0.085000] audit: initializing netlink subsys (disabled)
Feb 12 03:05:07 yoson kernel: [    0.085000] audit: type=2000 audit(1739297102.085:1): state=initialized audit_enabled=0 res=1
Feb 12 03:05:07 yoson kernel: [    0.088000] cpuidle: using governor menu
Feb 12 03:05:07 yoson kernel: [    0.091000] ACPI: bus type PCI registered
Feb 12 03:05:07 yoson kernel: [    0.091000] PCI: Using configuration type 1 for base access
Feb 12 03:05:07 yoson kernel: [    0.092000] PCI: Using configuration type 1 for extended access
Feb 12 03:05:07 yoson kernel: [    0.096000] HugeTLB registered 2.00 MiB page size, pre-allocated 0 pages
Feb 12 03:05:07 yoson kernel: [    0.100000] ACPI: Added _OSI(Module Device)
Feb 12 03:05:07 yoson kernel: [    0.101000] ACPI: Added _OSI(Processor Device)
Feb 12 03:05:07 yoson kernel: [    0.103000] ACPI: Added _OSI(3.0 _SCP Extensions)
Feb 12 03:05:07 yoson kernel: [    0.105000] ACPI: Added _OSI(Processor Aggregator Device)
Feb 12 03:05:07 yoson kernel: [    0.106000] ACPI: Added _OSI(Linux-Dell-Video)
Feb 12 03:05:07 yoson kernel: [    0.108000] ACPI: Added _OSI(Linux-Lenovo-NV-HDMI-Audio)
Feb 12 03:05:07 yoson kernel: [    0.110000] ACPI: 2 ACPI AML tables successfully acquired and loaded
Feb 12 03:05:07 yoson kernel: [    0.114000] ACPI: Interpreter enabled
Feb 12 03:05:07 yoson kernel: [    0.116000] ACPI: (supports S0 S5)
Feb 12 03:05:07 yoson kernel: [    0.117000] ACPI: Using IOAPIC for interrupt routing
Feb 12 03:05:07 yoson kernel: [    0.119000] PCI: Using host bridge windows from ACPI; if necessary, use "pci=nocrs" and report a bug
Feb 12 03:05:07 yoson kernel: [    0.122000] ACPI: Enabled 2 GPEs in block 00 to 07
Feb 12 03:05:07 yoson kernel: [    0.130000] ACPI: PCI Root Bridge [PCI0] (domain 0000 [bus 00-ff])
Feb 12 03:05:07 yoson kernel: [    0.132000] acpi PNP0A03:00: _OSC: OS supports [ExtendedConfig ASPM ClockPM Segments MSI]
Feb 12 03:05:07 yoson kernel: [    0.135000] acpi PNP0A03:00: _OSC: platform does not support [PCIeCapability LTR]
Feb 12 03:05:07 yoson kernel: [    0.138000] acpi PNP0A03:00: _OSC: not requesting control; platform does not support [PCIeCapability]
Feb 12 03:05:07 yoson kernel: [    0.141000] acpi PNP0A03:00: _OSC: OS requested [PME AER PCIeCapability LTR]
Feb 12 03:05:07 yoson kernel: [    0.143000] acpi PNP0A03:00: _OSC: platform willing to grant [PME AER]
Feb 12 03:05:07 yoson kernel: [    0.145000] acpi PNP0A03:00: _OSC failed (AE_SUPPORT); disabling ASPM
Feb 12 03:05:07 yoson kernel: [    0.148000] PCI host bridge to bus 0000:00
Feb 12 03:05:07 yoson kernel: [    0.149000] pci_bus 0000:00: root bus resource [io  0x0000-0x0cf7 window]
Feb 12 03:05:07 yoson kernel: [    0.151000] pci_bus 0000:00: root bus resource [io  0x0d00-0xffff window]
Feb 12 03:05:07 yoson kernel: [    0.154000] pci_bus 0000:00: root bus resource [mem 0x000a0000-0x000bffff window]
Feb 12 03:05:07 yoson kernel: [    0.156000] pci_bus 0000:00: root bus resource [mem 0xe0000000-0xfdffffff window]
Feb 12 03:05:07 yoson kernel: [    0.159000] pci_bus 0000:00: root bus resource [bus 00-ff]
Feb 12 03:05:07 yoson kernel: [    0.161000] pci 0000:00:00.0: [8086:1237] type 00 class 0x060000
Feb 12 03:05:07 yoson kernel: [    0.162000] pci 0000:00:01.0: [8086:7000] type 00 class 0x060100
Feb 12 03:05:07 yoson kernel: [    0.164000] pci 0000:00:01.1: [8086:7111] type 00 class 0x01018a
Feb 12 03:05:07 yoson kernel: [    0.165000] pci 0000:00:01.1: reg 0x20: [io  0xd000-0xd00f]
Feb 12 03:05:07 yoson kernel: [    0.165000] pci 0000:00:01.1: legacy IDE quirk: reg 0x10: [io  0x01f0-0x01f7]
Feb 12 03:05:07 yoson kernel: [    0.168000] pci 0000:00:01.1: legacy IDE quirk: reg 0x14: [io  0x03f6]
Feb 12 03:05:07 yoson kernel: [    0.170000] pci 0000:00:01.1: legacy IDE quirk: reg 0x18: [io  0x0170-0x0177]
Feb 12 03:05:07 yoson kernel: [    0.172000] pci 0000:00:01.1: legacy IDE quirk: reg 0x1c: [io  0x0376]
Feb 12 03:05:07 yoson kernel: [    0.176000] pci 0000:00:02.0: [15ad:0405] type 00 class 0x030000
Feb 12 03:05:07 yoson kernel: [    0.177000] pci 0000:00:02.0: reg 0x10: [io  0xd010-0xd01f]
Feb 12 03:05:07 yoson kernel: [    0.177000] pci 0000:00:02.0: reg 0x14: [mem 0xe0000000-0xe0ffffff pref]
Feb 12 03:05:07 yoson kernel: [    0.177000] pci 0000:00:02.0: reg 0x18: [mem 0xf0000000-0xf01fffff]
Feb 12 03:05:07 yoson kernel: [    0.180000] pci 0000:00:03.0: [8086:100e] type 00 class 0x020000
Feb 12 03:05:07 yoson kernel: [    0.181000] pci 0000:00:03.0: reg 0x10: [mem 0xf0200000-0xf021ffff]
Feb 12 03:05:07 yoson kernel: [    0.181000] pci 0000:00:03.0: reg 0x18: [io  0xd020-0xd027]
Feb 12 03:05:07 yoson kernel: [    0.183000] pci 0000:00:04.0: [80ee:cafe] type 00 class 0x088000
Feb 12 03:05:07 yoson kernel: [    0.183000] pci 0000:00:04.0: reg 0x10: [io  0xd040-0xd05f]
Feb 12 03:05:07 yoson kernel: [    0.183000] pci 0000:00:04.0: reg 0x14: [mem 0xf0400000-0xf07fffff]
Feb 12 03:05:07 yoson kernel: [    0.184000] pci 0000:00:04.0: reg 0x18: [mem 0xf0800000-0xf0803fff pref]
Feb 12 03:05:07 yoson kernel: [    0.186000] pci 0000:00:05.0: [8086:2415] type 00 class 0x040100
Feb 12 03:05:07 yoson kernel: [    0.186000] pci 0000:00:05.0: reg 0x10: [io  0xd100-0xd1ff]
Feb 12 03:05:07 yoson kernel: [    0.187000] pci 0000:00:05.0: reg 0x14: [io  0xd200-0xd23f]
Feb 12 03:05:07 yoson kernel: [    0.188000] pci 0000:00:06.0: [106b:003f] type 00 class 0x0c0310
Feb 12 03:05:07 yoson kernel: [    0.188000] pci 0000:00:06.0: reg 0x10: [mem 0xf0804000-0xf0804fff]
Feb 12 03:05:07 yoson kernel: [    0.190000] pci 0000:00:07.0: [8086:7113] type 00 class 0x068000
Feb 12 03:05:07 yoson kernel: [    0.191000] pci 0000:00:07.0: quirk: [io  0x4000-0x403f] claimed by PIIX4 ACPI
Feb 12 03:05:07 yoson kernel: [    0.194000] pci 0000:00:07.0: quirk: [io  0x4100-0x410f] claimed by PIIX4 SMB
Feb 12 03:05:07 yoson kernel: [    0.197000] pci 0000:00:0b.0: [8086:265c] type 00 class 0x0c0320
Feb 12 03:05:07 yoson kernel: [    0.197000] pci 0000:00:0b.0: reg 0x10: [mem 0xf0805000-0xf0805fff]
Feb 12 03:05:07 yoson kernel: [    0.199000] pci 0000:00:0d.0: [8086:2829] type 00 class 0x010601
Feb 12 03:05:07 yoson kernel: [    0.199000] pci 0000:00:0d.0: reg 0x10: [io  0xd240-0xd247]
Feb 12 03:05:07 yoson kernel: [    0.199000] pci 0000:00:0d.0: reg 0x14: [io  0xd248-0xd24b]
Feb 12 03:05:07 yoson kernel: [    0.199000] pci 0000:00:0d.0: reg 0x18: [io  0xd250-0xd257]
Feb 12 03:05:07 yoson kernel: [    0.200000] pci 0000:00:0d.0: reg 0x1c: [io  0xd258-0xd25b]
Feb 12 03:05:07 yoson kernel: [    0.200000] pci 0000:00:0d.0: reg 0x20: [io  0xd260-0xd26f]
Feb 12 03:05:07 yoson kernel: [    0.200000] pci 0000:00:0d.0: reg 0x24: [mem 0xf0806000-0xf0807fff]
Feb 12 03:05:07 yoson kernel: [    0.203000] ACPI: PCI Interrupt Link [LNKA] (IRQs 5 9 10 *11)
Feb 12 03:05:07 yoson kernel: [    0.206000] ACPI: PCI Interrupt Link [LNKB] (IRQs 5 9 *10 11)
Feb 12 03:05:07 yoson kernel: [    0.210000] ACPI: PCI Interrupt Link [LNKC] (IRQs 5 *9 10 11)
Feb 12 03:05:07 yoson kernel: [    0.212000] ACPI: PCI Interrupt Link [LNKD] (IRQs 5 9 10 *11)
Feb 12 03:05:07 yoson kernel: [    0.215000] pci 0000:00:02.0: vgaarb: setting as boot VGA device
Feb 12 03:05:07 yoson kernel: [    0.216000] pci 0000:00:02.0: vgaarb: VGA device added: decodes=io+mem,owns=io+mem,locks=none
Feb 12 03:05:07 yoson kernel: [    0.221000] pci 0000:00:02.0: vgaarb: bridge control possible
Feb 12 03:05:07 yoson kernel: [    0.223000] vgaarb: loaded
Feb 12 03:05:07 yoson kernel: [    0.225000] SCSI subsystem initialized
Feb 12 03:05:07 yoson kernel: [    0.227000] libata version 3.00 loaded.
Feb 12 03:05:07 yoson kernel: [    0.227000] ACPI: bus type USB registered
Feb 12 03:05:07 yoson kernel: [    0.229000] usbcore: registered new interface driver usbfs
Feb 12 03:05:07 yoson kernel: [    0.231000] usbcore: registered new interface driver hub
Feb 12 03:05:07 yoson kernel: [    0.233000] usbcore: registered new device driver usb
Feb 12 03:05:07 yoson kernel: [    0.235000] pps_core: LinuxPPS API ver. 1 registered
Feb 12 03:05:07 yoson kernel: [    0.237000] pps_core: Software ver. 5.3.6 - Copyright 2005-2007 Rodolfo Giometti <giometti@linux.it>
Feb 12 03:05:07 yoson kernel: [    0.239000] PTP clock support registered
Feb 12 03:05:07 yoson kernel: [    0.241000] EDAC MC: Ver: 3.0.0
Feb 12 03:05:07 yoson kernel: [    0.244000] Advanced Linux Sound Architecture Driver Initialized.
Feb 12 03:05:07 yoson kernel: [    0.244000] PCI: Using ACPI for IRQ routing
Feb 12 03:05:07 yoson kernel: [    0.245000] PCI: pci_cache_line_size set to 64 bytes
Feb 12 03:05:07 yoson kernel: [    0.245000] e820: reserve RAM buffer [mem 0x0009fc00-0x0009ffff]
Feb 12 03:05:07 yoson kernel: [    0.245000] e820: reserve RAM buffer [mem 0xdfff0000-0xdfffffff]
Feb 12 03:05:07 yoson kernel: [    0.245000] NetLabel: Initializing
Feb 12 03:05:07 yoson kernel: [    0.246000] NetLabel:  domain hash size = 128
Feb 12 03:05:07 yoson kernel: [    0.246000] NetLabel:  protocols = UNLABELED CIPSOv4 CALIPSO
Feb 12 03:05:07 yoson kernel: [    0.247000] NetLabel:  unlabeled traffic allowed by default
Feb 12 03:05:07 yoson kernel: [    0.248000] clocksource: Switched to clocksource refined-jiffies
Feb 12 03:05:07 yoson kernel: [    0.256998] VFS: Disk quotas dquot_6.6.0
Feb 12 03:05:07 yoson kernel: [    0.256998] VFS: Dquot-cache hash table entries: 512 (order 0, 4096 bytes)
Feb 12 03:05:07 yoson kernel: [    0.257998] pnp: PnP ACPI init
Feb 12 03:05:07 yoson kernel: [    0.258998] pnp 00:00: Plug and Play ACPI device, IDs PNP0303 (active)
Feb 12 03:05:07 yoson kernel: [    0.258998] pnp 00:01: Plug and Play ACPI device, IDs PNP0f03 (active)
Feb 12 03:05:07 yoson kernel: [    0.258998] pnp: PnP ACPI: found 2 devices
Feb 12 03:05:07 yoson kernel: [    0.276995] clocksource: acpi_pm: mask: 0xffffff max_cycles: 0xffffff, max_idle_ns: 2085701024 ns
Feb 12 03:05:07 yoson kernel: [    0.307903] clocksource: Switched to clocksource acpi_pm
Feb 12 03:05:07 yoson kernel: [    0.309690] pci_bus 0000:00: resource 4 [io  0x0000-0x0cf7 window]
Feb 12 03:05:07 yoson kernel: [    0.309690] pci_bus 0000:00: resource 5 [io  0x0d00-0xffff window]
Feb 12 03:05:07 yoson kernel: [    0.309690] pci_bus 0000:00: resource 6 [mem 0x000a0000-0x000bffff window]
Feb 12 03:05:07 yoson kernel: [    0.309690] pci_bus 0000:00: resource 7 [mem 0xe0000000-0xfdffffff window]
Feb 12 03:05:07 yoson kernel: [    0.309690] NET: Registered protocol family 2
Feb 12 03:05:07 yoson kernel: [    0.314045] tcp_listen_portaddr_hash hash table entries: 4096 (order: 4, 65536 bytes)
Feb 12 03:05:07 yoson kernel: [    0.316492] TCP established hash table entries: 65536 (order: 7, 524288 bytes)
Feb 12 03:05:07 yoson kernel: [    0.319104] TCP bind hash table entries: 65536 (order: 8, 1048576 bytes)
Feb 12 03:05:07 yoson kernel: [    0.322119] TCP: Hash tables configured (established 65536 bind 65536)
Feb 12 03:05:07 yoson kernel: [    0.322119] UDP hash table entries: 4096 (order: 5, 131072 bytes)
Feb 12 03:05:07 yoson kernel: [    0.326264] UDP-Lite hash table entries: 4096 (order: 5, 131072 bytes)
Feb 12 03:05:07 yoson kernel: [    0.326264] NET: Registered protocol family 1
Feb 12 03:05:07 yoson kernel: [    0.331769] RPC: Registered named UNIX socket transport module.
Feb 12 03:05:07 yoson kernel: [    0.333126] RPC: Registered udp transport module.
Feb 12 03:05:07 yoson kernel: [    0.333126] RPC: Registered tcp transport module.
Feb 12 03:05:07 yoson kernel: [    0.334723] RPC: Registered tcp NFSv4.1 backchannel transport module.
Feb 12 03:05:07 yoson kernel: [    0.337364] pci 0000:00:00.0: Limiting direct PCI/PCI transfers
Feb 12 03:05:07 yoson kernel: [    0.339385] pci 0000:00:01.0: Activating ISA DMA hang workarounds
Feb 12 03:05:07 yoson kernel: [    0.340472] pci 0000:00:02.0: Video device with shadowed ROM at [mem 0x000c0000-0x000dffff]
Feb 12 03:05:07 yoson kernel: [    0.346093] PCI: CLS 0 bytes, default 64
Feb 12 03:05:07 yoson kernel: [    0.346093] PCI-DMA: Using software bounce buffering for IO (SWIOTLB)
Feb 12 03:05:07 yoson kernel: [    0.346093] software IO TLB: mapped [mem 0xdbff0000-0xdfff0000] (64MB)
Feb 12 03:05:07 yoson kernel: [    0.346093] platform rtc_cmos: registered platform RTC device (no PNP device found)
Feb 12 03:05:07 yoson kernel: [    0.357363] check: Scanning for low memory corruption every 60 seconds
Feb 12 03:05:07 yoson kernel: [    0.359501] Initialise system trusted keyrings
Feb 12 03:05:07 yoson kernel: [    0.362098] workingset: timestamp_bits=56 max_order=21 bucket_order=0
Feb 12 03:05:07 yoson kernel: [    0.366286] NFS: Registering the id_resolver key type
Feb 12 03:05:07 yoson kernel: [    0.366286] Key type id_resolver registered
Feb 12 03:05:07 yoson kernel: [    0.366286] Key type id_legacy registered
Feb 12 03:05:07 yoson kernel: [    0.380105] cryptomgr_test (49) used greatest stack depth: 15520 bytes left
Feb 12 03:05:07 yoson kernel: [    0.382074] kworker/u8:0 (51) used greatest stack depth: 14680 bytes left
Feb 12 03:05:07 yoson kernel: [    0.418089] kworker/u8:0 (95) used greatest stack depth: 14248 bytes left
Feb 12 03:05:07 yoson kernel: [    0.421106] Key type asymmetric registered
Feb 12 03:05:07 yoson kernel: [    0.421715] Asymmetric key parser 'x509' registered
Feb 12 03:05:07 yoson kernel: [    0.422854] Block layer SCSI generic (bsg) driver version 0.4 loaded (major 251)
Feb 12 03:05:07 yoson kernel: [    0.424541] io scheduler noop registered
Feb 12 03:05:07 yoson kernel: [    0.425460] io scheduler deadline registered
Feb 12 03:05:07 yoson kernel: [    0.426543] io scheduler cfq registered (default)
Feb 12 03:05:07 yoson kernel: [    0.427659] io scheduler mq-deadline registered
Feb 12 03:05:07 yoson kernel: [    0.428681] io scheduler kyber registered
Feb 12 03:05:07 yoson kernel: [    0.431131] ACPI: AC Adapter [AC] (on-line)
Feb 12 03:05:07 yoson kernel: [    0.432558] input: Power Button as /devices/LNXSYSTM:00/LNXPWRBN:00/input/input0
Feb 12 03:05:07 yoson kernel: [    0.434170] ACPI: Power Button [PWRF]
Feb 12 03:05:07 yoson kernel: [    0.435132] input: Sleep Button as /devices/LNXSYSTM:00/LNXSLPBN:00/input/input1
Feb 12 03:05:07 yoson kernel: [    0.436795] ACPI: Sleep Button [SLPF]
Feb 12 03:05:07 yoson kernel: [    0.437840] ACPI: Video Device [GFX0] (multi-head: yes  rom: no  post: no)
Feb 12 03:05:07 yoson kernel: [    0.440057] input: Video Bus as /devices/LNXSYSTM:00/LNXSYBUS:00/PNP0A03:00/LNXVIDEO:00/input/input2
Feb 12 03:05:07 yoson kernel: [    0.443133] Serial: 8250/16550 driver, 4 ports, IRQ sharing enabled
Feb 12 03:05:07 yoson kernel: [    0.448013] Non-volatile memory driver v1.3
Feb 12 03:05:07 yoson kernel: [    0.449667] Linux agpgart interface v0.103
Feb 12 03:05:07 yoson kernel: [    0.463553] loop: module loaded
Feb 12 03:05:07 yoson kernel: [    0.464563] ahci 0000:00:0d.0: version 3.0
Feb 12 03:05:07 yoson kernel: [    0.464563] ahci 0000:00:0d.0: SSS flag set, parallel bus scan disabled
Feb 12 03:05:07 yoson kernel: [    0.464563] ahci 0000:00:0d.0: AHCI 0001.0100 32 slots 1 ports 3 Gbps 0x1 impl SATA mode
Feb 12 03:05:07 yoson kernel: [    0.464563] ahci 0000:00:0d.0: flags: 64bit ncq stag only ccc 
Feb 12 03:05:07 yoson kernel: [    0.473207] scsi host0: ahci
Feb 12 03:05:07 yoson kernel: [    0.473207] ata1: SATA max UDMA/133 abar m8192@0xf0806000 port 0xf0806100 irq 21
Feb 12 03:05:07 yoson kernel: [    0.476248] ata_piix 0000:00:01.1: version 2.13
Feb 12 03:05:07 yoson kernel: [    0.480124] scsi host1: ata_piix
Feb 12 03:05:07 yoson kernel: [    0.483155] scsi host2: ata_piix
Feb 12 03:05:07 yoson kernel: [    0.484220] ata2: PATA max UDMA/33 cmd 0x1f0 ctl 0x3f6 bmdma 0xd000 irq 14
Feb 12 03:05:07 yoson kernel: [    0.485866] ata3: PATA max UDMA/33 cmd 0x170 ctl 0x376 bmdma 0xd008 irq 15
Feb 12 03:05:07 yoson kernel: [    0.487528] e100: Intel(R) PRO/100 Network Driver, 3.5.24-k2-NAPI
Feb 12 03:05:07 yoson kernel: [    0.489151] e100: Copyright(c) 1999-2006 Intel Corporation
Feb 12 03:05:07 yoson kernel: [    0.490501] e1000: Intel(R) PRO/1000 Network Driver - version 7.3.21-k8-NAPI
Feb 12 03:05:07 yoson kernel: [    0.492120] e1000: Copyright (c) 1999-2006 Intel Corporation.
Feb 12 03:05:07 yoson kernel: [    0.672073] ata3.00: ATAPI: VBOX CD-ROM, 1.0, max UDMA/133
Feb 12 03:05:07 yoson kernel: [    0.789606] ata1: SATA link up 3.0 Gbps (SStatus 123 SControl 300)
Feb 12 03:05:07 yoson kernel: [    0.793032] ata1.00: ATA-6: VBOX HARDDISK, 1.0, max UDMA/133
Feb 12 03:05:07 yoson kernel: [    0.794013] ata1.00: 104857600 sectors, multi 128: LBA48 NCQ (depth 32)
Feb 12 03:05:07 yoson kernel: [    0.797009] ata1.00: configured for UDMA/133
Feb 12 03:05:07 yoson kernel: [    0.800229] scsi 0:0:0:0: Direct-Access     ATA      VBOX HARDDISK    1.0  PQ: 0 ANSI: 5
Feb 12 03:05:07 yoson kernel: [    0.805032] sd 0:0:0:0: Attached scsi generic sg0 type 0
Feb 12 03:05:07 yoson kernel: [    0.807066] sd 0:0:0:0: [sda] 104857600 512-byte logical blocks: (53.7 GB/50.0 GiB)
Feb 12 03:05:07 yoson kernel: [    0.809228] sd 0:0:0:0: [sda] Write Protect is off
Feb 12 03:05:07 yoson kernel: [    0.809423] scsi 2:0:0:0: CD-ROM            VBOX     CD-ROM           1.0  PQ: 0 ANSI: 5
Feb 12 03:05:07 yoson kernel: [    0.810550] sd 0:0:0:0: [sda] Mode Sense: 00 3a 00 00
Feb 12 03:05:07 yoson kernel: [    0.814059] sd 0:0:0:0: [sda] Write cache: enabled, read cache: enabled, doesn't support DPO or FUA
Feb 12 03:05:07 yoson kernel: [    0.819082]  sda: sda1 sda2 sda3 sda4
Feb 12 03:05:07 yoson kernel: [    0.822178] sd 0:0:0:0: [sda] Attached SCSI disk
Feb 12 03:05:07 yoson kernel: [    1.134849] sr 2:0:0:0: [sr0] scsi3-mmc drive: 32x/32x xa/form2 tray
Feb 12 03:05:07 yoson kernel: [    1.134849] cdrom: Uniform CD-ROM driver Revision: 3.20
Feb 12 03:05:07 yoson kernel: [    1.139035] sr 2:0:0:0: Attached scsi CD-ROM sr0
Feb 12 03:05:07 yoson kernel: [    1.139035] sr 2:0:0:0: Attached scsi generic sg1 type 5
Feb 12 03:05:07 yoson kernel: [    1.142083] e1000 0000:00:03.0 eth0: (PCI:33MHz:32-bit) 08:00:27:53:9b:11
Feb 12 03:05:07 yoson kernel: [    1.142083] e1000 0000:00:03.0 eth0: Intel(R) PRO/1000 Network Connection
Feb 12 03:05:07 yoson kernel: [    1.142083] e1000e: Intel(R) PRO/1000 Network Driver - 3.2.6-k
Feb 12 03:05:07 yoson kernel: [    1.142083] e1000e: Copyright(c) 1999 - 2015 Intel Corporation.
Feb 12 03:05:07 yoson kernel: [    1.142083] sky2: driver version 1.30
Feb 12 03:05:07 yoson kernel: [    1.175707] ehci_hcd: USB 2.0 'Enhanced' Host Controller (EHCI) Driver
Feb 12 03:05:07 yoson kernel: [    1.175707] ehci-pci: EHCI PCI platform driver
Feb 12 03:05:07 yoson kernel: [    1.175707] ehci-pci 0000:00:0b.0: EHCI Host Controller
Feb 12 03:05:07 yoson kernel: [    1.180595] ehci-pci 0000:00:0b.0: new USB bus registered, assigned bus number 1
Feb 12 03:05:07 yoson kernel: [    1.180595] ehci-pci 0000:00:0b.0: irq 19, io mem 0xf0805000
Feb 12 03:05:07 yoson kernel: [    1.196604] ehci-pci 0000:00:0b.0: USB 2.0 started, EHCI 1.00
Feb 12 03:05:07 yoson kernel: [    1.196604] usb usb1: New USB device found, idVendor=1d6b, idProduct=0002, bcdDevice= 4.20
Feb 12 03:05:07 yoson kernel: [    1.196604] usb usb1: New USB device strings: Mfr=3, Product=2, SerialNumber=1
Feb 12 03:05:07 yoson kernel: [    1.196604] usb usb1: Product: EHCI Host Controller
Feb 12 03:05:07 yoson kernel: [    1.196604] usb usb1: Manufacturer: Linux 4.20.12 ehci_hcd
Feb 12 03:05:07 yoson kernel: [    1.196604] usb usb1: SerialNumber: 0000:00:0b.0
Feb 12 03:05:07 yoson kernel: [    1.208054] hub 1-0:1.0: USB hub found
Feb 12 03:05:07 yoson kernel: [    1.208054] hub 1-0:1.0: 12 ports detected
Feb 12 03:05:07 yoson kernel: [    1.208054] ohci_hcd: USB 1.1 'Open' Host Controller (OHCI) Driver
Feb 12 03:05:07 yoson kernel: [    1.208054] ohci-pci: OHCI PCI platform driver
Feb 12 03:05:07 yoson kernel: [    1.208054] ohci-pci 0000:00:06.0: OHCI PCI host controller
Feb 12 03:05:07 yoson kernel: [    1.214675] ohci-pci 0000:00:06.0: new USB bus registered, assigned bus number 2
Feb 12 03:05:07 yoson kernel: [    1.214675] ohci-pci 0000:00:06.0: irq 22, io mem 0xf0804000
Feb 12 03:05:07 yoson kernel: [    1.266076] usb usb2: New USB device found, idVendor=1d6b, idProduct=0001, bcdDevice= 4.20
Feb 12 03:05:07 yoson kernel: [    1.266076] usb usb2: New USB device strings: Mfr=3, Product=2, SerialNumber=1
Feb 12 03:05:07 yoson kernel: [    1.266076] usb usb2: Product: OHCI PCI host controller
Feb 12 03:05:07 yoson kernel: [    1.266076] usb usb2: Manufacturer: Linux 4.20.12 ohci_hcd
Feb 12 03:05:07 yoson kernel: [    1.266076] usb usb2: SerialNumber: 0000:00:06.0
Feb 12 03:05:07 yoson kernel: [    1.274214] hub 2-0:1.0: USB hub found
Feb 12 03:05:07 yoson kernel: [    1.274214] hub 2-0:1.0: 12 ports detected
Feb 12 03:05:07 yoson kernel: [    1.274214] uhci_hcd: USB Universal Host Controller Interface driver
Feb 12 03:05:07 yoson kernel: [    1.274214] usbcore: registered new interface driver usblp
Feb 12 03:05:07 yoson kernel: [    1.274214] usbcore: registered new interface driver usb-storage
Feb 12 03:05:07 yoson kernel: [    1.274214] i8042: PNP: PS/2 Controller [PNP0303:PS2K,PNP0f03:PS2M] at 0x60,0x64 irq 1,12
Feb 12 03:05:07 yoson kernel: [    1.284446] serio: i8042 KBD port at 0x60,0x64 irq 1
Feb 12 03:05:07 yoson kernel: [    1.284446] serio: i8042 AUX port at 0x60,0x64 irq 12
Feb 12 03:05:07 yoson kernel: [    1.289203] input: AT Translated Set 2 keyboard as /devices/platform/i8042/serio0/input/input3
Feb 12 03:05:07 yoson kernel: [    1.293109] rtc_cmos rtc_cmos: registered as rtc0
Feb 12 03:05:07 yoson kernel: [    1.294149] rtc_cmos rtc_cmos: alarms up to one day, 114 bytes nvram
Feb 12 03:05:07 yoson kernel: [    1.297047] device-mapper: ioctl: 4.39.0-ioctl (2018-04-03) initialised: dm-devel@redhat.com
Feb 12 03:05:07 yoson kernel: [    1.298199] hidraw: raw HID events driver (C) Jiri Kosina
Feb 12 03:05:07 yoson kernel: [    1.299797] usbcore: registered new interface driver usbhid
Feb 12 03:05:07 yoson kernel: [    1.301302] usbhid: USB HID core driver
Feb 12 03:05:07 yoson kernel: [    1.307105] Initializing XFRM netlink socket
Feb 12 03:05:07 yoson kernel: [    1.307661] NET: Registered protocol family 10
Feb 12 03:05:07 yoson kernel: [    1.310101] Segment Routing with IPv6
Feb 12 03:05:07 yoson kernel: [    1.313085] sit: IPv6, IPv4 and MPLS over IPv4 tunneling driver
Feb 12 03:05:07 yoson kernel: [    1.314699] NET: Registered protocol family 17
Feb 12 03:05:07 yoson kernel: [    1.314699] Key type dns_resolver registered
Feb 12 03:05:07 yoson kernel: [    1.319786] registered taskstats version 1
Feb 12 03:05:07 yoson kernel: [    1.319786] Loading compiled-in X.509 certificates
Feb 12 03:05:07 yoson kernel: [    1.322365]   Magic number: 13:224:89
Feb 12 03:05:07 yoson kernel: [    1.324324] printk: console [netcon0] enabled
Feb 12 03:05:07 yoson kernel: [    1.324324] netconsole: network logging started
Feb 12 03:05:07 yoson kernel: [    1.327242] cfg80211: Loading compiled-in X.509 certificates for regulatory database
Feb 12 03:05:07 yoson kernel: [    1.333392] cfg80211: Loaded X.509 cert 'sforshee: 00b28ddf47aef9cea7'
Feb 12 03:05:07 yoson kernel: [    1.335378] Unstable clock detected, switching default tracing clock to "global"
Feb 12 03:05:07 yoson kernel: [    1.335378] If you want to keep using the local clock, then add:
Feb 12 03:05:07 yoson kernel: [    1.335378]   "trace_clock=local"
Feb 12 03:05:07 yoson kernel: [    1.335378] on the kernel command line
Feb 12 03:05:07 yoson kernel: [    1.340491] platform regulatory.0: Direct firmware load for regulatory.db failed with error -2
Feb 12 03:05:07 yoson kernel: [    1.342119] cfg80211: failed to load regulatory.db
Feb 12 03:05:07 yoson kernel: [    1.344407] ALSA device list:
Feb 12 03:05:07 yoson kernel: [    1.345493]   No soundcards found.
Feb 12 03:05:07 yoson kernel: [    1.538054] random: fast init done
Feb 12 03:05:07 yoson kernel: [    1.540159] input: ImExPS/2 Generic Explorer Mouse as /devices/platform/i8042/serio1/input/input5
Feb 12 03:05:07 yoson kernel: [    1.542863] md: Waiting for all devices to be available before autodetect
Feb 12 03:05:07 yoson kernel: [    1.545285] md: If you don't use raid, use raid=noautodetect
Feb 12 03:05:07 yoson kernel: [    1.547117] md: Autodetecting RAID arrays.
Feb 12 03:05:07 yoson kernel: [    1.547117] md: autorun ...
Feb 12 03:05:07 yoson kernel: [    1.547117] md: ... autorun DONE.
Feb 12 03:05:07 yoson kernel: [    1.557669] EXT4-fs (sda4): mounted filesystem with ordered data mode. Opts: (null)
Feb 12 03:05:07 yoson kernel: [    1.560124] VFS: Mounted root (ext4 filesystem) readonly on device 8:4.
Feb 12 03:05:07 yoson kernel: [    1.562700] devtmpfs: mounted
Feb 12 03:05:07 yoson kernel: [    1.564158] Freeing unused kernel image memory: 1244K
Feb 12 03:05:07 yoson kernel: [    1.585490] Write protecting the kernel read-only data: 18432k
Feb 12 03:05:07 yoson kernel: [    1.588139] Freeing unused kernel image memory: 2008K
Feb 12 03:05:07 yoson kernel: [    1.589496] Freeing unused kernel image memory: 948K
Feb 12 03:05:07 yoson kernel: [    1.591074] Run /sbin/init as init process
Feb 12 03:05:07 yoson kernel: [    1.691116] stty (125) used greatest stack depth: 13856 bytes left
Feb 12 03:05:07 yoson kernel: [    1.693176] usb 2-1: new full-speed USB device number 2 using ohci-pci
Feb 12 03:05:07 yoson kernel: [    1.845081] ip (178) used greatest stack depth: 12040 bytes left
Feb 12 03:05:07 yoson kernel: <30>[    1.888097] udevd[203]: starting version 3.2.7
Feb 12 03:05:07 yoson kernel: [    1.895966] random: udevd: uninitialized urandom read (16 bytes read)
Feb 12 03:05:07 yoson kernel: [    1.898077] random: udevd: uninitialized urandom read (16 bytes read)
Feb 12 03:05:07 yoson kernel: [    1.901075] random: udevd: uninitialized urandom read (16 bytes read)
Feb 12 03:05:07 yoson kernel: <30>[    1.923033] udevd[204]: starting eudev-3.2.7
Feb 12 03:05:07 yoson kernel: [    1.943884] usb 2-1: New USB device found, idVendor=80ee, idProduct=0021, bcdDevice= 1.00
Feb 12 03:05:07 yoson kernel: [    1.946015] usb 2-1: New USB device strings: Mfr=1, Product=3, SerialNumber=0
Feb 12 03:05:07 yoson kernel: [    1.947888] usb 2-1: Product: USB Tablet
Feb 12 03:05:07 yoson kernel: [    1.948845] usb 2-1: Manufacturer: VirtualBox
Feb 12 03:05:07 yoson kernel: [    1.970136] input: VirtualBox USB Tablet as /devices/pci0000:00/0000:00:06.0/usb2/2-1/2-1:1.0/0003:80EE:0021.0001/input/input6
Feb 12 03:05:07 yoson kernel: [    1.983270] hid-generic 0003:80EE:0021.0001: input,hidraw0: USB HID v1.10 Mouse [VirtualBox USB Tablet] on usb-0000:00:06.0-1/input0
Feb 12 03:05:07 yoson kernel: [    1.998088] e1000 0000:00:03.0 enp0s3: renamed from eth0
Feb 12 03:05:07 yoson kernel: [    2.138012] hrtimer: interrupt took 3561626 ns
Feb 12 03:05:07 yoson kernel: [    3.026415] Adding 1952764k swap on /dev/sda2.  Priority:1 extents:1 across:1952764k 
Feb 12 03:05:07 yoson kernel: [    3.045088] EXT4-fs (sda4): re-mounted. Opts: (null)
Feb 12 03:05:07 yoson kernel: [    3.071157] urandom_read: 4 callbacks suppressed
Feb 12 03:05:07 yoson kernel: [    3.071157] random: udevd: uninitialized urandom read (16 bytes read)
Feb 12 03:05:07 yoson kernel: [    3.073965] random: udevd: uninitialized urandom read (16 bytes read)
Feb 12 03:05:07 yoson kernel: [    3.075124] random: udevd: uninitialized urandom read (16 bytes read)
Feb 12 03:05:07 yoson kernel: [    3.096508] EXT4-fs (sda4): re-mounted. Opts: (null)
Feb 12 03:05:07 yoson kernel: [    3.880340] random: crng init done
Feb 12 03:05:07 yoson kernel: [    4.076135] e1000: enp0s3 NIC Link is Up 1000 Mbps Full Duplex, Flow Control: RX
Feb 12 03:05:07 yoson kernel: [    4.084112] IPv6: ADDRCONF(NETDEV_UP): enp0s3: link is not ready
Feb 12 03:05:07 yoson kernel: [    4.085092] IPv6: ADDRCONF(NETDEV_CHANGE): enp0s3: link becomes ready
Feb 12 03:06:08 yoson kernel: [   65.639624] usb 2-1: USB disconnect, device number 2
Feb 12 03:06:09 yoson kernel: [   65.959132] usb 2-1: new full-speed USB device number 3 using ohci-pci
Feb 12 03:06:09 yoson kernel: [   66.225444] usb 2-1: New USB device found, idVendor=80ee, idProduct=0021, bcdDevice= 1.00
Feb 12 03:06:09 yoson kernel: [   66.225444] usb 2-1: New USB device strings: Mfr=1, Product=3, SerialNumber=0
Feb 12 03:06:09 yoson kernel: [   66.225444] usb 2-1: Product: USB Tablet
Feb 12 03:06:09 yoson kernel: [   66.225444] usb 2-1: Manufacturer: VirtualBox
Feb 12 03:06:09 yoson kernel: [   66.250617] input: VirtualBox USB Tablet as /devices/pci0000:00/0000:00:06.0/usb2/2-1/2-1:1.0/0003:80EE:0021.0002/input/input7
Feb 12 03:06:09 yoson kernel: [   66.255508] hid-generic 0003:80EE:0021.0002: input,hidraw0: USB HID v1.10 Mouse [VirtualBox USB Tablet] on usb-0000:00:06.0-1/input0
Feb 12 03:54:07 yoson kernel: [ 2944.302233] usb 2-1: USB disconnect, device number 3
Feb 12 03:54:07 yoson kernel: [ 2944.629084] usb 2-1: new full-speed USB device number 4 using ohci-pci
Feb 12 03:54:08 yoson kernel: [ 2944.908537] usb 2-1: New USB device found, idVendor=80ee, idProduct=0021, bcdDevice= 1.00
Feb 12 03:54:08 yoson kernel: [ 2944.908537] usb 2-1: New USB device strings: Mfr=1, Product=3, SerialNumber=0
Feb 12 03:54:08 yoson kernel: [ 2944.912159] usb 2-1: Product: USB Tablet
Feb 12 03:54:08 yoson kernel: [ 2944.914221] usb 2-1: Manufacturer: VirtualBox
Feb 12 03:54:08 yoson kernel: [ 2944.933294] input: VirtualBox USB Tablet as /devices/pci0000:00/0000:00:06.0/usb2/2-1/2-1:1.0/0003:80EE:0021.0003/input/input8
Feb 12 03:54:08 yoson kernel: [ 2944.937236] hid-generic 0003:80EE:0021.0003: input,hidraw0: USB HID v1.10 Mouse [VirtualBox USB Tablet] on usb-0000:00:06.0-1/input0
Feb 12 03:54:30 yoson kernel: Kernel logging (proc) stopped.
Feb 12 03:54:30 yoson kernel: Kernel log daemon terminating.
Feb 12 03:55:29 yoson kernel: klogd 1.5.1, log source = /proc/kmsg started.
Feb 12 03:55:29 yoson kernel: Inspecting /boot/System.map-4.20.12
Feb 12 03:55:29 yoson kernel: Cannot find map file.
Feb 12 03:55:29 yoson kernel: Loaded 48980 symbols from 1 module.
Feb 12 03:55:29 yoson kernel: [    0.000000] Linux version 4.20.12 (root@yoson) (gcc version 8.2.0 (GCC)) #1 SMP Wed Feb 12 00:07:56 KST 2025
Feb 12 03:55:29 yoson kernel: [    0.000000] Command line: BOOT_IMAGE=/boot/vmlinuz-4.20.12-yoson root=/dev/sda4 ro
Feb 12 03:55:29 yoson kernel: [    0.000000] [Firmware Bug]: TSC doesn't count with P0 frequency!
Feb 12 03:55:29 yoson kernel: [    0.000000] x86/fpu: x87 FPU will use FXSAVE
Feb 12 03:55:29 yoson kernel: [    0.000000] BIOS-provided physical RAM map:
Feb 12 03:55:29 yoson kernel: [    0.000000] BIOS-e820: [mem 0x0000000000000000-0x000000000009fbff] usable
Feb 12 03:55:29 yoson kernel: [    0.000000] BIOS-e820: [mem 0x000000000009fc00-0x000000000009ffff] reserved
Feb 12 03:55:29 yoson kernel: [    0.000000] BIOS-e820: [mem 0x00000000000f0000-0x00000000000fffff] reserved
Feb 12 03:55:29 yoson kernel: [    0.000000] BIOS-e820: [mem 0x0000000000100000-0x00000000dffeffff] usable
Feb 12 03:55:29 yoson kernel: [    0.000000] BIOS-e820: [mem 0x00000000dfff0000-0x00000000dfffffff] ACPI data
Feb 12 03:55:29 yoson kernel: [    0.000000] BIOS-e820: [mem 0x00000000fec00000-0x00000000fec00fff] reserved
Feb 12 03:55:29 yoson kernel: [    0.000000] BIOS-e820: [mem 0x00000000fee00000-0x00000000fee00fff] reserved
Feb 12 03:55:29 yoson kernel: [    0.000000] BIOS-e820: [mem 0x00000000fffc0000-0x00000000ffffffff] reserved
Feb 12 03:55:29 yoson kernel: [    0.000000] BIOS-e820: [mem 0x0000000100000000-0x000000021fffffff] usable
Feb 12 03:55:29 yoson kernel: [    0.000000] NX (Execute Disable) protection: active
Feb 12 03:55:29 yoson kernel: [    0.000000] SMBIOS 2.5 present.
Feb 12 03:55:29 yoson kernel: [    0.000000] DMI: innotek GmbH VirtualBox/VirtualBox, BIOS VirtualBox 12/01/2006
Feb 12 03:55:29 yoson kernel: [    0.000000] e820: update [mem 0x00000000-0x00000fff] usable ==> reserved
Feb 12 03:55:29 yoson kernel: [    0.000000] e820: remove [mem 0x000a0000-0x000fffff] usable
Feb 12 03:55:29 yoson kernel: [    0.000000] last_pfn = 0x220000 max_arch_pfn = 0x400000000
Feb 12 03:55:29 yoson kernel: [    0.000000] MTRR default type: uncachable
Feb 12 03:55:29 yoson kernel: [    0.000000] MTRR fixed ranges enabled:
Feb 12 03:55:29 yoson kernel: [    0.000000]   00000-9FFFF write-back
Feb 12 03:55:29 yoson kernel: [    0.000000]   A0000-BFFFF uncachable
Feb 12 03:55:29 yoson kernel: [    0.000000]   C0000-FFFFF write-protect
Feb 12 03:55:29 yoson kernel: [    0.000000] MTRR variable ranges enabled:
Feb 12 03:55:29 yoson kernel: [    0.000000]   0 disabled
Feb 12 03:55:29 yoson kernel: [    0.000000]   1 disabled
Feb 12 03:55:29 yoson kernel: [    0.000000]   2 disabled
Feb 12 03:55:29 yoson kernel: [    0.000000]   3 disabled
Feb 12 03:55:29 yoson kernel: [    0.000000]   4 disabled
Feb 12 03:55:29 yoson kernel: [    0.000000]   5 disabled
Feb 12 03:55:29 yoson kernel: [    0.000000]   6 disabled
Feb 12 03:55:29 yoson kernel: [    0.000000]   7 disabled
Feb 12 03:55:29 yoson kernel: [    0.000000] x86/PAT: Configuration [0-7]: WB  WC  UC- UC  WB  WP  UC- WT  
Feb 12 03:55:29 yoson kernel: [    0.000000] CPU MTRRs all blank - virtualized system.
Feb 12 03:55:29 yoson kernel: [    0.000000] last_pfn = 0xdfff0 max_arch_pfn = 0x400000000
Feb 12 03:55:29 yoson kernel: [    0.000000] found SMP MP-table at [mem 0x0009fbf0-0x0009fbff] mapped at [(____ptrval____)]
Feb 12 03:55:29 yoson kernel: [    0.000000] check: Scanning 1 areas for low memory corruption
Feb 12 03:55:29 yoson kernel: [    0.000000] Base memory trampoline at [(____ptrval____)] 99000 size 24576
Feb 12 03:55:29 yoson kernel: [    0.000000] BRK [0xac601000, 0xac601fff] PGTABLE
Feb 12 03:55:29 yoson kernel: [    0.000000] BRK [0xac602000, 0xac602fff] PGTABLE
Feb 12 03:55:29 yoson kernel: [    0.000000] BRK [0xac603000, 0xac603fff] PGTABLE
Feb 12 03:55:29 yoson kernel: [    0.000000] BRK [0xac604000, 0xac604fff] PGTABLE
Feb 12 03:55:29 yoson kernel: [    0.000000] BRK [0xac605000, 0xac605fff] PGTABLE
Feb 12 03:55:29 yoson kernel: [    0.000000] BRK [0xac606000, 0xac606fff] PGTABLE
Feb 12 03:55:29 yoson kernel: [    0.000000] BRK [0xac607000, 0xac607fff] PGTABLE
Feb 12 03:55:29 yoson kernel: [    0.000000] BRK [0xac608000, 0xac608fff] PGTABLE
Feb 12 03:55:29 yoson kernel: [    0.000000] BRK [0xac609000, 0xac609fff] PGTABLE
Feb 12 03:55:29 yoson kernel: [    0.000000] ACPI: Early table checksum verification disabled
Feb 12 03:55:29 yoson kernel: [    0.000000] ACPI: RSDP 0x00000000000E0000 000024 (v02 VBOX  )
Feb 12 03:55:29 yoson kernel: [    0.000000] ACPI: XSDT 0x00000000DFFF0030 00003C (v01 VBOX   VBOXXSDT 00000001 ASL  00000061)
Feb 12 03:55:29 yoson kernel: [    0.000000] ACPI: FACP 0x00000000DFFF00F0 0000F4 (v04 VBOX   VBOXFACP 00000001 ASL  00000061)
Feb 12 03:55:29 yoson kernel: [    0.000000] ACPI: DSDT 0x00000000DFFF0620 002353 (v02 VBOX   VBOXBIOS 00000002 INTL 20100528)
Feb 12 03:55:29 yoson kernel: [    0.000000] ACPI: FACS 0x00000000DFFF0200 000040
Feb 12 03:55:29 yoson kernel: [    0.000000] ACPI: FACS 0x00000000DFFF0200 000040
Feb 12 03:55:29 yoson kernel: [    0.000000] ACPI: APIC 0x00000000DFFF0240 00006C (v02 VBOX   VBOXAPIC 00000001 ASL  00000061)
Feb 12 03:55:29 yoson kernel: [    0.000000] ACPI: SSDT 0x00000000DFFF02B0 00036C (v01 VBOX   VBOXCPUT 00000002 INTL 20100528)
Feb 12 03:55:29 yoson kernel: [    0.000000] ACPI: Local APIC address 0xfee00000
Feb 12 03:55:29 yoson kernel: [    0.000000] No NUMA configuration found
Feb 12 03:55:29 yoson kernel: [    0.000000] Faking a node at [mem 0x0000000000000000-0x000000021fffffff]
Feb 12 03:55:29 yoson kernel: [    0.000000] NODE_DATA(0) allocated [mem 0x21fff8000-0x21fffbfff]
Feb 12 03:55:29 yoson kernel: [    0.000000] Zone ranges:
Feb 12 03:55:29 yoson kernel: [    0.000000]   DMA      [mem 0x0000000000001000-0x0000000000ffffff]
Feb 12 03:55:29 yoson kernel: [    0.000000]   DMA32    [mem 0x0000000001000000-0x00000000ffffffff]
Feb 12 03:55:29 yoson kernel: [    0.000000]   Normal   [mem 0x0000000100000000-0x000000021fffffff]
Feb 12 03:55:29 yoson kernel: [    0.000000] Movable zone start for each node
Feb 12 03:55:29 yoson kernel: [    0.000000] Early memory node ranges
Feb 12 03:55:29 yoson kernel: [    0.000000]   node   0: [mem 0x0000000000001000-0x000000000009efff]
Feb 12 03:55:29 yoson kernel: [    0.000000]   node   0: [mem 0x0000000000100000-0x00000000dffeffff]
Feb 12 03:55:29 yoson kernel: [    0.000000]   node   0: [mem 0x0000000100000000-0x000000021fffffff]
Feb 12 03:55:29 yoson kernel: [    0.000000] Zeroed struct page in unavailable ranges: 114 pages
Feb 12 03:55:29 yoson kernel: [    0.000000] Initmem setup node 0 [mem 0x0000000000001000-0x000000021fffffff]
Feb 12 03:55:29 yoson kernel: [    0.000000] On node 0 totalpages: 2097038
Feb 12 03:55:29 yoson kernel: [    0.000000]   DMA zone: 64 pages used for memmap
Feb 12 03:55:29 yoson kernel: [    0.000000]   DMA zone: 21 pages reserved
Feb 12 03:55:29 yoson kernel: [    0.000000]   DMA zone: 3998 pages, LIFO batch:0
Feb 12 03:55:29 yoson kernel: [    0.000000]   DMA32 zone: 14272 pages used for memmap
Feb 12 03:55:29 yoson kernel: [    0.000000]   DMA32 zone: 913392 pages, LIFO batch:63
Feb 12 03:55:29 yoson kernel: [    0.000000]   Normal zone: 18432 pages used for memmap
Feb 12 03:55:29 yoson kernel: [    0.000000]   Normal zone: 1179648 pages, LIFO batch:63
Feb 12 03:55:29 yoson kernel: [    0.000000] ACPI: PM-Timer IO Port: 0x4008
Feb 12 03:55:29 yoson kernel: [    0.000000] ACPI: Local APIC address 0xfee00000
Feb 12 03:55:29 yoson kernel: [    0.000000] IOAPIC[0]: apic_id 4, version 32, address 0xfec00000, GSI 0-23
Feb 12 03:55:29 yoson kernel: [    0.000000] ACPI: INT_SRC_OVR (bus 0 bus_irq 0 global_irq 2 dfl dfl)
Feb 12 03:55:29 yoson kernel: [    0.000000] ACPI: INT_SRC_OVR (bus 0 bus_irq 9 global_irq 9 low level)
Feb 12 03:55:29 yoson kernel: [    0.000000] ACPI: IRQ0 used by override.
Feb 12 03:55:29 yoson kernel: [    0.000000] ACPI: IRQ9 used by override.
Feb 12 03:55:29 yoson kernel: [    0.000000] Using ACPI (MADT) for SMP configuration information
Feb 12 03:55:29 yoson kernel: [    0.000000] smpboot: Allowing 4 CPUs, 0 hotplug CPUs
Feb 12 03:55:29 yoson kernel: [    0.000000] PM: Registered nosave memory: [mem 0x00000000-0x00000fff]
Feb 12 03:55:29 yoson kernel: [    0.000000] PM: Registered nosave memory: [mem 0x0009f000-0x0009ffff]
Feb 12 03:55:29 yoson kernel: [    0.000000] PM: Registered nosave memory: [mem 0x000a0000-0x000effff]
Feb 12 03:55:29 yoson kernel: [    0.000000] PM: Registered nosave memory: [mem 0x000f0000-0x000fffff]
Feb 12 03:55:29 yoson kernel: [    0.000000] PM: Registered nosave memory: [mem 0xdfff0000-0xdfffffff]
Feb 12 03:55:29 yoson kernel: [    0.000000] PM: Registered nosave memory: [mem 0xe0000000-0xfebfffff]
Feb 12 03:55:29 yoson kernel: [    0.000000] PM: Registered nosave memory: [mem 0xfec00000-0xfec00fff]
Feb 12 03:55:29 yoson kernel: [    0.000000] PM: Registered nosave memory: [mem 0xfec01000-0xfedfffff]
Feb 12 03:55:29 yoson kernel: [    0.000000] PM: Registered nosave memory: [mem 0xfee00000-0xfee00fff]
Feb 12 03:55:29 yoson kernel: [    0.000000] PM: Registered nosave memory: [mem 0xfee01000-0xfffbffff]
Feb 12 03:55:29 yoson kernel: [    0.000000] PM: Registered nosave memory: [mem 0xfffc0000-0xffffffff]
Feb 12 03:55:29 yoson kernel: [    0.000000] [mem 0xe0000000-0xfebfffff] available for PCI devices
Feb 12 03:55:29 yoson kernel: [    0.000000] clocksource: refined-jiffies: mask: 0xffffffff max_cycles: 0xffffffff, max_idle_ns: 1910969940391419 ns
Feb 12 03:55:29 yoson kernel: [    0.000000] random: get_random_bytes called from start_kernel+0x8a/0x485 with crng_init=0
Feb 12 03:55:29 yoson kernel: [    0.000000] setup_percpu: NR_CPUS:64 nr_cpumask_bits:64 nr_cpu_ids:4 nr_node_ids:1
Feb 12 03:55:29 yoson kernel: [    0.000000] percpu: Embedded 43 pages/cpu @(____ptrval____) s137944 r8192 d29992 u524288
Feb 12 03:55:29 yoson kernel: [    0.000000] pcpu-alloc: s137944 r8192 d29992 u524288 alloc=1*2097152
Feb 12 03:55:29 yoson kernel: [    0.000000] pcpu-alloc: [0] 0 1 2 3 
Feb 12 03:55:29 yoson kernel: [    0.000000] Built 1 zonelists, mobility grouping on.  Total pages: 2064249
Feb 12 03:55:29 yoson kernel: [    0.000000] Policy zone: Normal
Feb 12 03:55:29 yoson kernel: [    0.000000] Kernel command line: BOOT_IMAGE=/boot/vmlinuz-4.20.12-yoson root=/dev/sda4 ro
Feb 12 03:55:29 yoson kernel: [    0.000000] Calgary: detecting Calgary via BIOS EBDA area
Feb 12 03:55:29 yoson kernel: [    0.000000] Calgary: Unable to locate Rio Grande table in EBDA - bailing!
Feb 12 03:55:29 yoson kernel: [    0.000000] Memory: 8163572K/8388152K available (12293K kernel code, 1269K rwdata, 3148K rodata, 1244K init, 1532K bss, 224580K reserved, 0K cma-reserved)
Feb 12 03:55:29 yoson kernel: [    0.000000] SLUB: HWalign=64, Order=0-3, MinObjects=0, CPUs=4, Nodes=1
Feb 12 03:55:29 yoson kernel: [    0.000000] rcu: Hierarchical RCU implementation.
Feb 12 03:55:29 yoson kernel: [    0.000000] rcu: ^IRCU event tracing is enabled.
Feb 12 03:55:29 yoson kernel: [    0.000000] rcu: ^IRCU restricting CPUs from NR_CPUS=64 to nr_cpu_ids=4.
Feb 12 03:55:29 yoson kernel: [    0.000000] rcu: RCU calculated value of scheduler-enlistment delay is 100 jiffies.
Feb 12 03:55:29 yoson kernel: [    0.000000] rcu: Adjusting geometry for rcu_fanout_leaf=16, nr_cpu_ids=4
Feb 12 03:55:29 yoson kernel: [    0.000000] NR_IRQS: 4352, nr_irqs: 456, preallocated irqs: 16
Feb 12 03:55:29 yoson kernel: [    0.000000] Console: colour VGA+ 80x25
Feb 12 03:55:29 yoson kernel: [    0.000000] printk: console [tty0] enabled
Feb 12 03:55:29 yoson kernel: [    0.000000] ACPI: Core revision 20181003
Feb 12 03:55:29 yoson kernel: [    0.000000] APIC: Switch to symmetric I/O mode setup
Feb 12 03:55:29 yoson kernel: [    0.000000] ..TIMER: vector=0x30 apic1=0 pin1=2 apic2=-1 pin2=-1
Feb 12 03:55:29 yoson kernel: [    0.000000] ..MP-BIOS bug: 8254 timer not connected to IO-APIC
Feb 12 03:55:29 yoson kernel: [    0.000000] ...trying to set up timer (IRQ0) through the 8259A ...
Feb 12 03:55:29 yoson kernel: [    0.000000] ..... (found apic 0 pin 2) ...
Feb 12 03:55:29 yoson kernel: [    0.004000] ....... failed.
Feb 12 03:55:29 yoson kernel: [    0.004000] ...trying to set up timer as Virtual Wire IRQ...
Feb 12 03:55:29 yoson kernel: [    0.010000] ..... works.
Feb 12 03:55:29 yoson kernel: [    0.013000] tsc: Unable to calibrate against PIT
Feb 12 03:55:29 yoson kernel: [    0.013000] tsc: HPET/PMTIMER calibration failed
Feb 12 03:55:29 yoson kernel: [    0.014000] tsc: Marking TSC unstable due to could not calculate TSC khz
Feb 12 03:55:29 yoson kernel: [    0.014000] Calibrating delay loop... 16728.06 BogoMIPS (lpj=8364032)
Feb 12 03:55:29 yoson kernel: [    0.019000] pid_max: default: 32768 minimum: 301
Feb 12 03:55:29 yoson kernel: [    0.020000] LSM: Security Framework initializing
Feb 12 03:55:29 yoson kernel: [    0.021000] SELinux:  Initializing.
Feb 12 03:55:29 yoson kernel: [    0.038000] Dentry cache hash table entries: 1048576 (order: 11, 8388608 bytes)
Feb 12 03:55:29 yoson kernel: [    0.047000] Inode-cache hash table entries: 524288 (order: 10, 4194304 bytes)
Feb 12 03:55:29 yoson kernel: [    0.048000] Mount-cache hash table entries: 16384 (order: 5, 131072 bytes)
Feb 12 03:55:29 yoson kernel: [    0.049000] Mountpoint-cache hash table entries: 16384 (order: 5, 131072 bytes)
Feb 12 03:55:29 yoson kernel: [    0.050000] mce: CPU supports 0 MCE banks
Feb 12 03:55:29 yoson kernel: [    0.051000] Last level iTLB entries: 4KB 512, 2MB 512, 4MB 256
Feb 12 03:55:29 yoson kernel: [    0.053000] Last level dTLB entries: 4KB 2048, 2MB 2048, 4MB 1024, 1GB 0
Feb 12 03:55:29 yoson kernel: [    0.053000] Spectre V2 : Spectre mitigation: LFENCE not serializing, switching to generic retpoline
Feb 12 03:55:29 yoson kernel: [    0.054000] Spectre V2 : Mitigation: Full generic retpoline
Feb 12 03:55:29 yoson kernel: [    0.055000] Spectre V2 : Spectre v2 / SpectreRSB mitigation: Filling RSB on context switch
Feb 12 03:55:29 yoson kernel: [    0.056000] Freeing SMP alternatives memory: 40K
Feb 12 03:55:29 yoson kernel: [    0.058000] smpboot: CPU0: AMD Ryzen 5 5600 6-Core Processor (family: 0x19, model: 0x21, stepping: 0x2)
Feb 12 03:55:29 yoson kernel: [    0.058000] Performance Events: PMU not available due to virtualization, using software events only.
Feb 12 03:55:29 yoson kernel: [    0.058000] rcu: Hierarchical SRCU implementation.
Feb 12 03:55:29 yoson kernel: [    0.058000] Huh? What family is it: 0x19?!
Feb 12 03:55:29 yoson kernel: [    0.058000] smp: Bringing up secondary CPUs ...
Feb 12 03:55:29 yoson kernel: [    0.058000] x86: Booting SMP configuration:
Feb 12 03:55:29 yoson kernel: [    0.058000] .... node  #0, CPUs:      #1
Feb 12 03:55:29 yoson kernel: [    0.001000] mce: CPU supports 0 MCE banks
Feb 12 03:55:29 yoson kernel: [    0.059000]  #2
Feb 12 03:55:29 yoson kernel: [    0.001000] mce: CPU supports 0 MCE banks
Feb 12 03:55:29 yoson kernel: [    0.061000]  #3
Feb 12 03:55:29 yoson kernel: [    0.001000] mce: CPU supports 0 MCE banks
Feb 12 03:55:29 yoson kernel: [    0.065000] smp: Brought up 1 node, 4 CPUs
Feb 12 03:55:29 yoson kernel: [    0.067000] smpboot: Max logical packages: 1
Feb 12 03:55:29 yoson kernel: [    0.067000] smpboot: Total of 4 processors activated (66912.25 BogoMIPS)
Feb 12 03:55:29 yoson kernel: [    0.069000] devtmpfs: initialized
Feb 12 03:55:29 yoson kernel: [    0.070000] clocksource: jiffies: mask: 0xffffffff max_cycles: 0xffffffff, max_idle_ns: 1911260446275000 ns
Feb 12 03:55:29 yoson kernel: [    0.071000] futex hash table entries: 1024 (order: 4, 65536 bytes)
Feb 12 03:55:29 yoson kernel: [    0.072000] RTC time: 18:55:24, date: 02/11/25
Feb 12 03:55:29 yoson kernel: [    0.072000] NET: Registered protocol family 16
Feb 12 03:55:29 yoson kernel: [    0.073000] audit: initializing netlink subsys (disabled)
Feb 12 03:55:29 yoson kernel: [    0.074000] audit: type=2000 audit(1739300123.074:1): state=initialized audit_enabled=0 res=1
Feb 12 03:55:29 yoson kernel: [    0.076000] cpuidle: using governor menu
Feb 12 03:55:29 yoson kernel: [    0.078000] ACPI: bus type PCI registered
Feb 12 03:55:29 yoson kernel: [    0.078000] PCI: Using configuration type 1 for base access
Feb 12 03:55:29 yoson kernel: [    0.079000] PCI: Using configuration type 1 for extended access
Feb 12 03:55:29 yoson kernel: [    0.081000] HugeTLB registered 2.00 MiB page size, pre-allocated 0 pages
Feb 12 03:55:29 yoson kernel: [    0.085000] ACPI: Added _OSI(Module Device)
Feb 12 03:55:29 yoson kernel: [    0.087000] ACPI: Added _OSI(Processor Device)
Feb 12 03:55:29 yoson kernel: [    0.089000] ACPI: Added _OSI(3.0 _SCP Extensions)
Feb 12 03:55:29 yoson kernel: [    0.090000] ACPI: Added _OSI(Processor Aggregator Device)
Feb 12 03:55:29 yoson kernel: [    0.092000] ACPI: Added _OSI(Linux-Dell-Video)
Feb 12 03:55:29 yoson kernel: [    0.094000] ACPI: Added _OSI(Linux-Lenovo-NV-HDMI-Audio)
Feb 12 03:55:29 yoson kernel: [    0.097000] ACPI: 2 ACPI AML tables successfully acquired and loaded
Feb 12 03:55:29 yoson kernel: [    0.102000] ACPI: Interpreter enabled
Feb 12 03:55:29 yoson kernel: [    0.103000] ACPI: (supports S0 S5)
Feb 12 03:55:29 yoson kernel: [    0.105000] ACPI: Using IOAPIC for interrupt routing
Feb 12 03:55:29 yoson kernel: [    0.107000] PCI: Using host bridge windows from ACPI; if necessary, use "pci=nocrs" and report a bug
Feb 12 03:55:29 yoson kernel: [    0.111000] ACPI: Enabled 2 GPEs in block 00 to 07
Feb 12 03:55:29 yoson kernel: [    0.120000] ACPI: PCI Root Bridge [PCI0] (domain 0000 [bus 00-ff])
Feb 12 03:55:29 yoson kernel: [    0.122000] acpi PNP0A03:00: _OSC: OS supports [ExtendedConfig ASPM ClockPM Segments MSI]
Feb 12 03:55:29 yoson kernel: [    0.126000] acpi PNP0A03:00: _OSC: platform does not support [PCIeCapability LTR]
Feb 12 03:55:29 yoson kernel: [    0.130000] acpi PNP0A03:00: _OSC: not requesting control; platform does not support [PCIeCapability]
Feb 12 03:55:29 yoson kernel: [    0.133000] acpi PNP0A03:00: _OSC: OS requested [PME AER PCIeCapability LTR]
Feb 12 03:55:29 yoson kernel: [    0.136000] acpi PNP0A03:00: _OSC: platform willing to grant [PME AER]
Feb 12 03:55:29 yoson kernel: [    0.138000] acpi PNP0A03:00: _OSC failed (AE_SUPPORT); disabling ASPM
Feb 12 03:55:29 yoson kernel: [    0.140000] PCI host bridge to bus 0000:00
Feb 12 03:55:29 yoson kernel: [    0.142000] pci_bus 0000:00: root bus resource [io  0x0000-0x0cf7 window]
Feb 12 03:55:29 yoson kernel: [    0.144000] pci_bus 0000:00: root bus resource [io  0x0d00-0xffff window]
Feb 12 03:55:29 yoson kernel: [    0.146000] pci_bus 0000:00: root bus resource [mem 0x000a0000-0x000bffff window]
Feb 12 03:55:29 yoson kernel: [    0.149000] pci_bus 0000:00: root bus resource [mem 0xe0000000-0xfdffffff window]
Feb 12 03:55:29 yoson kernel: [    0.152000] pci_bus 0000:00: root bus resource [bus 00-ff]
Feb 12 03:55:29 yoson kernel: [    0.154000] pci 0000:00:00.0: [8086:1237] type 00 class 0x060000
Feb 12 03:55:29 yoson kernel: [    0.156000] pci 0000:00:01.0: [8086:7000] type 00 class 0x060100
Feb 12 03:55:29 yoson kernel: [    0.158000] pci 0000:00:01.1: [8086:7111] type 00 class 0x01018a
Feb 12 03:55:29 yoson kernel: [    0.160000] pci 0000:00:01.1: reg 0x20: [io  0xd000-0xd00f]
Feb 12 03:55:29 yoson kernel: [    0.160000] pci 0000:00:01.1: legacy IDE quirk: reg 0x10: [io  0x01f0-0x01f7]
Feb 12 03:55:29 yoson kernel: [    0.163000] pci 0000:00:01.1: legacy IDE quirk: reg 0x14: [io  0x03f6]
Feb 12 03:55:29 yoson kernel: [    0.165000] pci 0000:00:01.1: legacy IDE quirk: reg 0x18: [io  0x0170-0x0177]
Feb 12 03:55:29 yoson kernel: [    0.167000] pci 0000:00:01.1: legacy IDE quirk: reg 0x1c: [io  0x0376]
Feb 12 03:55:29 yoson kernel: [    0.170000] pci 0000:00:02.0: [15ad:0405] type 00 class 0x030000
Feb 12 03:55:29 yoson kernel: [    0.171000] pci 0000:00:02.0: reg 0x10: [io  0xd010-0xd01f]
Feb 12 03:55:29 yoson kernel: [    0.171000] pci 0000:00:02.0: reg 0x14: [mem 0xe0000000-0xe0ffffff pref]
Feb 12 03:55:29 yoson kernel: [    0.172000] pci 0000:00:02.0: reg 0x18: [mem 0xf0000000-0xf01fffff]
Feb 12 03:55:29 yoson kernel: [    0.175000] pci 0000:00:03.0: [8086:100e] type 00 class 0x020000
Feb 12 03:55:29 yoson kernel: [    0.176000] pci 0000:00:03.0: reg 0x10: [mem 0xf0200000-0xf021ffff]
Feb 12 03:55:29 yoson kernel: [    0.176000] pci 0000:00:03.0: reg 0x18: [io  0xd020-0xd027]
Feb 12 03:55:29 yoson kernel: [    0.177000] pci 0000:00:04.0: [80ee:cafe] type 00 class 0x088000
Feb 12 03:55:29 yoson kernel: [    0.178000] pci 0000:00:04.0: reg 0x10: [io  0xd040-0xd05f]
Feb 12 03:55:29 yoson kernel: [    0.178000] pci 0000:00:04.0: reg 0x14: [mem 0xf0400000-0xf07fffff]
Feb 12 03:55:29 yoson kernel: [    0.179000] pci 0000:00:04.0: reg 0x18: [mem 0xf0800000-0xf0803fff pref]
Feb 12 03:55:29 yoson kernel: [    0.181000] pci 0000:00:05.0: [8086:2415] type 00 class 0x040100
Feb 12 03:55:29 yoson kernel: [    0.182000] pci 0000:00:05.0: reg 0x10: [io  0xd100-0xd1ff]
Feb 12 03:55:29 yoson kernel: [    0.182000] pci 0000:00:05.0: reg 0x14: [io  0xd200-0xd23f]
Feb 12 03:55:29 yoson kernel: [    0.183000] pci 0000:00:06.0: [106b:003f] type 00 class 0x0c0310
Feb 12 03:55:29 yoson kernel: [    0.184000] pci 0000:00:06.0: reg 0x10: [mem 0xf0804000-0xf0804fff]
Feb 12 03:55:29 yoson kernel: [    0.186000] pci 0000:00:07.0: [8086:7113] type 00 class 0x068000
Feb 12 03:55:29 yoson kernel: [    0.187000] pci 0000:00:07.0: quirk: [io  0x4000-0x403f] claimed by PIIX4 ACPI
Feb 12 03:55:29 yoson kernel: [    0.190000] pci 0000:00:07.0: quirk: [io  0x4100-0x410f] claimed by PIIX4 SMB
Feb 12 03:55:29 yoson kernel: [    0.193000] pci 0000:00:0b.0: [8086:265c] type 00 class 0x0c0320
Feb 12 03:55:29 yoson kernel: [    0.194000] pci 0000:00:0b.0: reg 0x10: [mem 0xf0805000-0xf0805fff]
Feb 12 03:55:29 yoson kernel: [    0.196000] pci 0000:00:0d.0: [8086:2829] type 00 class 0x010601
Feb 12 03:55:29 yoson kernel: [    0.196000] pci 0000:00:0d.0: reg 0x10: [io  0xd240-0xd247]
Feb 12 03:55:29 yoson kernel: [    0.197000] pci 0000:00:0d.0: reg 0x14: [io  0xd248-0xd24b]
Feb 12 03:55:29 yoson kernel: [    0.197000] pci 0000:00:0d.0: reg 0x18: [io  0xd250-0xd257]
Feb 12 03:55:29 yoson kernel: [    0.197000] pci 0000:00:0d.0: reg 0x1c: [io  0xd258-0xd25b]
Feb 12 03:55:29 yoson kernel: [    0.197000] pci 0000:00:0d.0: reg 0x20: [io  0xd260-0xd26f]
Feb 12 03:55:29 yoson kernel: [    0.198000] pci 0000:00:0d.0: reg 0x24: [mem 0xf0806000-0xf0807fff]
Feb 12 03:55:29 yoson kernel: [    0.201000] ACPI: PCI Interrupt Link [LNKA] (IRQs 5 9 10 *11)
Feb 12 03:55:29 yoson kernel: [    0.203000] ACPI: PCI Interrupt Link [LNKB] (IRQs 5 9 *10 11)
Feb 12 03:55:29 yoson kernel: [    0.206000] ACPI: PCI Interrupt Link [LNKC] (IRQs 5 *9 10 11)
Feb 12 03:55:29 yoson kernel: [    0.208000] ACPI: PCI Interrupt Link [LNKD] (IRQs 5 9 10 *11)
Feb 12 03:55:29 yoson kernel: [    0.211000] pci 0000:00:02.0: vgaarb: setting as boot VGA device
Feb 12 03:55:29 yoson kernel: [    0.212000] pci 0000:00:02.0: vgaarb: VGA device added: decodes=io+mem,owns=io+mem,locks=none
Feb 12 03:55:29 yoson kernel: [    0.214000] pci 0000:00:02.0: vgaarb: bridge control possible
Feb 12 03:55:29 yoson kernel: [    0.216000] vgaarb: loaded
Feb 12 03:55:29 yoson kernel: [    0.217000] SCSI subsystem initialized
Feb 12 03:55:29 yoson kernel: [    0.219000] libata version 3.00 loaded.
Feb 12 03:55:29 yoson kernel: [    0.219000] ACPI: bus type USB registered
Feb 12 03:55:29 yoson kernel: [    0.220000] usbcore: registered new interface driver usbfs
Feb 12 03:55:29 yoson kernel: [    0.221000] usbcore: registered new interface driver hub
Feb 12 03:55:29 yoson kernel: [    0.223000] usbcore: registered new device driver usb
Feb 12 03:55:29 yoson kernel: [    0.224000] pps_core: LinuxPPS API ver. 1 registered
Feb 12 03:55:29 yoson kernel: [    0.226000] pps_core: Software ver. 5.3.6 - Copyright 2005-2007 Rodolfo Giometti <giometti@linux.it>
Feb 12 03:55:29 yoson kernel: [    0.228000] PTP clock support registered
Feb 12 03:55:29 yoson kernel: [    0.230000] EDAC MC: Ver: 3.0.0
Feb 12 03:55:29 yoson kernel: [    0.231000] Advanced Linux Sound Architecture Driver Initialized.
Feb 12 03:55:29 yoson kernel: [    0.231000] PCI: Using ACPI for IRQ routing
Feb 12 03:55:29 yoson kernel: [    0.232000] PCI: pci_cache_line_size set to 64 bytes
Feb 12 03:55:29 yoson kernel: [    0.232000] e820: reserve RAM buffer [mem 0x0009fc00-0x0009ffff]
Feb 12 03:55:29 yoson kernel: [    0.232000] e820: reserve RAM buffer [mem 0xdfff0000-0xdfffffff]
Feb 12 03:55:29 yoson kernel: [    0.232000] NetLabel: Initializing
Feb 12 03:55:29 yoson kernel: [    0.232000] NetLabel:  domain hash size = 128
Feb 12 03:55:29 yoson kernel: [    0.232000] NetLabel:  protocols = UNLABELED CIPSOv4 CALIPSO
Feb 12 03:55:29 yoson kernel: [    0.233000] NetLabel:  unlabeled traffic allowed by default
Feb 12 03:55:29 yoson kernel: [    0.234000] clocksource: Switched to clocksource refined-jiffies
Feb 12 03:55:29 yoson kernel: [    0.239999] VFS: Disk quotas dquot_6.6.0
Feb 12 03:55:29 yoson kernel: [    0.239999] VFS: Dquot-cache hash table entries: 512 (order 0, 4096 bytes)
Feb 12 03:55:29 yoson kernel: [    0.239999] pnp: PnP ACPI init
Feb 12 03:55:29 yoson kernel: [    0.240998] pnp 00:00: Plug and Play ACPI device, IDs PNP0303 (active)
Feb 12 03:55:29 yoson kernel: [    0.240998] pnp 00:01: Plug and Play ACPI device, IDs PNP0f03 (active)
Feb 12 03:55:29 yoson kernel: [    0.240998] pnp: PnP ACPI: found 2 devices
Feb 12 03:55:29 yoson kernel: [    0.256996] clocksource: acpi_pm: mask: 0xffffff max_cycles: 0xffffff, max_idle_ns: 2085701024 ns
Feb 12 03:55:29 yoson kernel: [    0.258996] clocksource: Switched to clocksource acpi_pm
Feb 12 03:55:29 yoson kernel: [    0.272906] hrtimer: interrupt took 9999036 ns
Feb 12 03:55:29 yoson kernel: [    0.296324] pci_bus 0000:00: resource 4 [io  0x0000-0x0cf7 window]
Feb 12 03:55:29 yoson kernel: [    0.296324] pci_bus 0000:00: resource 5 [io  0x0d00-0xffff window]
Feb 12 03:55:29 yoson kernel: [    0.296324] pci_bus 0000:00: resource 6 [mem 0x000a0000-0x000bffff window]
Feb 12 03:55:29 yoson kernel: [    0.296324] pci_bus 0000:00: resource 7 [mem 0xe0000000-0xfdffffff window]
Feb 12 03:55:29 yoson kernel: [    0.297115] NET: Registered protocol family 2
Feb 12 03:55:29 yoson kernel: [    0.300008] tcp_listen_portaddr_hash hash table entries: 4096 (order: 4, 65536 bytes)
Feb 12 03:55:29 yoson kernel: [    0.302131] TCP established hash table entries: 65536 (order: 7, 524288 bytes)
Feb 12 03:55:29 yoson kernel: [    0.306121] TCP bind hash table entries: 65536 (order: 8, 1048576 bytes)
Feb 12 03:55:29 yoson kernel: [    0.306121] TCP: Hash tables configured (established 65536 bind 65536)
Feb 12 03:55:29 yoson kernel: [    0.306121] UDP hash table entries: 4096 (order: 5, 131072 bytes)
Feb 12 03:55:29 yoson kernel: [    0.306121] UDP-Lite hash table entries: 4096 (order: 5, 131072 bytes)
Feb 12 03:55:29 yoson kernel: [    0.306121] NET: Registered protocol family 1
Feb 12 03:55:29 yoson kernel: [    0.320161] RPC: Registered named UNIX socket transport module.
Feb 12 03:55:29 yoson kernel: [    0.320378] RPC: Registered udp transport module.
Feb 12 03:55:29 yoson kernel: [    0.320378] RPC: Registered tcp transport module.
Feb 12 03:55:29 yoson kernel: [    0.320378] RPC: Registered tcp NFSv4.1 backchannel transport module.
Feb 12 03:55:29 yoson kernel: [    0.329204] pci 0000:00:00.0: Limiting direct PCI/PCI transfers
Feb 12 03:55:29 yoson kernel: [    0.330070] pci 0000:00:01.0: Activating ISA DMA hang workarounds
Feb 12 03:55:29 yoson kernel: [    0.331440] pci 0000:00:02.0: Video device with shadowed ROM at [mem 0x000c0000-0x000dffff]
Feb 12 03:55:29 yoson kernel: [    0.337116] PCI: CLS 0 bytes, default 64
Feb 12 03:55:29 yoson kernel: [    0.337116] PCI-DMA: Using software bounce buffering for IO (SWIOTLB)
Feb 12 03:55:29 yoson kernel: [    0.337116] software IO TLB: mapped [mem 0xdbff0000-0xdfff0000] (64MB)
Feb 12 03:55:29 yoson kernel: [    0.340400] platform rtc_cmos: registered platform RTC device (no PNP device found)
Feb 12 03:55:29 yoson kernel: [    0.348219] check: Scanning for low memory corruption every 60 seconds
Feb 12 03:55:29 yoson kernel: [    0.351111] Initialise system trusted keyrings
Feb 12 03:55:29 yoson kernel: [    0.353177] workingset: timestamp_bits=56 max_order=21 bucket_order=0
Feb 12 03:55:29 yoson kernel: [    0.357429] NFS: Registering the id_resolver key type
Feb 12 03:55:29 yoson kernel: [    0.359312] Key type id_resolver registered
Feb 12 03:55:29 yoson kernel: [    0.360814] Key type id_legacy registered
Feb 12 03:55:29 yoson kernel: [    0.369486] cryptomgr_test (47) used greatest stack depth: 15152 bytes left
Feb 12 03:55:29 yoson kernel: [    0.372052] kworker/u8:0 (49) used greatest stack depth: 14680 bytes left
Feb 12 03:55:29 yoson kernel: [    0.409738] Key type asymmetric registered
Feb 12 03:55:29 yoson kernel: [    0.411432] Asymmetric key parser 'x509' registered
Feb 12 03:55:29 yoson kernel: [    0.413149] Block layer SCSI generic (bsg) driver version 0.4 loaded (major 251)
Feb 12 03:55:29 yoson kernel: [    0.414915] io scheduler noop registered
Feb 12 03:55:29 yoson kernel: [    0.416046] io scheduler deadline registered
Feb 12 03:55:29 yoson kernel: [    0.417560] io scheduler cfq registered (default)
Feb 12 03:55:29 yoson kernel: [    0.420069] io scheduler mq-deadline registered
Feb 12 03:55:29 yoson kernel: [    0.420069] io scheduler kyber registered
Feb 12 03:55:29 yoson kernel: [    0.423073] ACPI: AC Adapter [AC] (on-line)
Feb 12 03:55:29 yoson kernel: [    0.424126] input: Power Button as /devices/LNXSYSTM:00/LNXPWRBN:00/input/input0
Feb 12 03:55:29 yoson kernel: [    0.427165] ACPI: Power Button [PWRF]
Feb 12 03:55:29 yoson kernel: [    0.429047] input: Sleep Button as /devices/LNXSYSTM:00/LNXSLPBN:00/input/input1
Feb 12 03:55:29 yoson kernel: [    0.430350] ACPI: Sleep Button [SLPF]
Feb 12 03:55:29 yoson kernel: [    0.431468] ACPI: Video Device [GFX0] (multi-head: yes  rom: no  post: no)
Feb 12 03:55:29 yoson kernel: [    0.436065] input: Video Bus as /devices/LNXSYSTM:00/LNXSYBUS:00/PNP0A03:00/LNXVIDEO:00/input/input2
Feb 12 03:55:29 yoson kernel: [    0.440118] Serial: 8250/16550 driver, 4 ports, IRQ sharing enabled
Feb 12 03:55:29 yoson kernel: [    0.444621] Non-volatile memory driver v1.3
Feb 12 03:55:29 yoson kernel: [    0.446555] Linux agpgart interface v0.103
Feb 12 03:55:29 yoson kernel: [    0.459212] loop: module loaded
Feb 12 03:55:29 yoson kernel: [    0.460540] ahci 0000:00:0d.0: version 3.0
Feb 12 03:55:29 yoson kernel: [    0.461103] ahci 0000:00:0d.0: SSS flag set, parallel bus scan disabled
Feb 12 03:55:29 yoson kernel: [    0.463041] ahci 0000:00:0d.0: AHCI 0001.0100 32 slots 1 ports 3 Gbps 0x1 impl SATA mode
Feb 12 03:55:29 yoson kernel: [    0.465864] ahci 0000:00:0d.0: flags: 64bit ncq stag only ccc 
Feb 12 03:55:29 yoson kernel: [    0.470144] scsi host0: ahci
Feb 12 03:55:29 yoson kernel: [    0.470601] ata1: SATA max UDMA/133 abar m8192@0xf0806000 port 0xf0806100 irq 21
Feb 12 03:55:29 yoson kernel: [    0.471250] ata_piix 0000:00:01.1: version 2.13
Feb 12 03:55:29 yoson kernel: [    0.476127] scsi host1: ata_piix
Feb 12 03:55:29 yoson kernel: [    0.479054] scsi host2: ata_piix
Feb 12 03:55:29 yoson kernel: [    0.479054] ata2: PATA max UDMA/33 cmd 0x1f0 ctl 0x3f6 bmdma 0xd000 irq 14
Feb 12 03:55:29 yoson kernel: [    0.479054] ata3: PATA max UDMA/33 cmd 0x170 ctl 0x376 bmdma 0xd008 irq 15
Feb 12 03:55:29 yoson kernel: [    0.481640] e100: Intel(R) PRO/100 Network Driver, 3.5.24-k2-NAPI
Feb 12 03:55:29 yoson kernel: [    0.484186] e100: Copyright(c) 1999-2006 Intel Corporation
Feb 12 03:55:29 yoson kernel: [    0.485451] e1000: Intel(R) PRO/1000 Network Driver - version 7.3.21-k8-NAPI
Feb 12 03:55:29 yoson kernel: [    0.485451] e1000: Copyright (c) 1999-2006 Intel Corporation.
Feb 12 03:55:29 yoson kernel: [    0.736432] ata3.00: ATAPI: VBOX CD-ROM, 1.0, max UDMA/133
Feb 12 03:55:29 yoson kernel: [    0.809400] ata1: SATA link up 3.0 Gbps (SStatus 123 SControl 300)
Feb 12 03:55:29 yoson kernel: [    0.813032] ata1.00: ATA-6: VBOX HARDDISK, 1.0, max UDMA/133
Feb 12 03:55:29 yoson kernel: [    0.814137] ata1.00: 104857600 sectors, multi 128: LBA48 NCQ (depth 32)
Feb 12 03:55:29 yoson kernel: [    0.817041] ata1.00: configured for UDMA/133
Feb 12 03:55:29 yoson kernel: [    0.819421] scsi 0:0:0:0: Direct-Access     ATA      VBOX HARDDISK    1.0  PQ: 0 ANSI: 5
Feb 12 03:55:29 yoson kernel: [    0.825014] sd 0:0:0:0: Attached scsi generic sg0 type 0
Feb 12 03:55:29 yoson kernel: [    0.825362] sd 0:0:0:0: [sda] 104857600 512-byte logical blocks: (53.7 GB/50.0 GiB)
Feb 12 03:55:29 yoson kernel: [    0.828337] sd 0:0:0:0: [sda] Write Protect is off
Feb 12 03:55:29 yoson kernel: [    0.829363] scsi 2:0:0:0: CD-ROM            VBOX     CD-ROM           1.0  PQ: 0 ANSI: 5
Feb 12 03:55:29 yoson kernel: [    0.829604] sd 0:0:0:0: [sda] Mode Sense: 00 3a 00 00
Feb 12 03:55:29 yoson kernel: [    0.831658] sd 0:0:0:0: [sda] Write cache: enabled, read cache: enabled, doesn't support DPO or FUA
Feb 12 03:55:29 yoson kernel: [    0.838037]  sda: sda1 sda2 sda3 sda4
Feb 12 03:55:29 yoson kernel: [    0.840126] sd 0:0:0:0: [sda] Attached SCSI disk
Feb 12 03:55:29 yoson kernel: [    1.119268] sr 2:0:0:0: [sr0] scsi3-mmc drive: 32x/32x xa/form2 tray
Feb 12 03:55:29 yoson kernel: [    1.119268] cdrom: Uniform CD-ROM driver Revision: 3.20
Feb 12 03:55:29 yoson kernel: [    1.123167] sr 2:0:0:0: Attached scsi CD-ROM sr0
Feb 12 03:55:29 yoson kernel: [    1.123650] sr 2:0:0:0: Attached scsi generic sg1 type 5
Feb 12 03:55:29 yoson kernel: [    1.127401] e1000 0000:00:03.0 eth0: (PCI:33MHz:32-bit) 08:00:27:53:9b:11
Feb 12 03:55:29 yoson kernel: [    1.127401] e1000 0000:00:03.0 eth0: Intel(R) PRO/1000 Network Connection
Feb 12 03:55:29 yoson kernel: [    1.127401] e1000e: Intel(R) PRO/1000 Network Driver - 3.2.6-k
Feb 12 03:55:29 yoson kernel: [    1.127401] e1000e: Copyright(c) 1999 - 2015 Intel Corporation.
Feb 12 03:55:29 yoson kernel: [    1.127401] sky2: driver version 1.30
Feb 12 03:55:29 yoson kernel: [    1.163704] ehci_hcd: USB 2.0 'Enhanced' Host Controller (EHCI) Driver
Feb 12 03:55:29 yoson kernel: [    1.165092] ehci-pci: EHCI PCI platform driver
Feb 12 03:55:29 yoson kernel: [    1.165092] ehci-pci 0000:00:0b.0: EHCI Host Controller
Feb 12 03:55:29 yoson kernel: [    1.168338] ehci-pci 0000:00:0b.0: new USB bus registered, assigned bus number 1
Feb 12 03:55:29 yoson kernel: [    1.169768] ehci-pci 0000:00:0b.0: irq 19, io mem 0xf0805000
Feb 12 03:55:29 yoson kernel: [    1.179544] ehci-pci 0000:00:0b.0: USB 2.0 started, EHCI 1.00
Feb 12 03:55:29 yoson kernel: [    1.179544] usb usb1: New USB device found, idVendor=1d6b, idProduct=0002, bcdDevice= 4.20
Feb 12 03:55:29 yoson kernel: [    1.179544] usb usb1: New USB device strings: Mfr=3, Product=2, SerialNumber=1
Feb 12 03:55:29 yoson kernel: [    1.179544] usb usb1: Product: EHCI Host Controller
Feb 12 03:55:29 yoson kernel: [    1.179544] usb usb1: Manufacturer: Linux 4.20.12 ehci_hcd
Feb 12 03:55:29 yoson kernel: [    1.179544] usb usb1: SerialNumber: 0000:00:0b.0
Feb 12 03:55:29 yoson kernel: [    1.189489] hub 1-0:1.0: USB hub found
Feb 12 03:55:29 yoson kernel: [    1.190390] hub 1-0:1.0: 12 ports detected
Feb 12 03:55:29 yoson kernel: [    1.191513] ohci_hcd: USB 1.1 'Open' Host Controller (OHCI) Driver
Feb 12 03:55:29 yoson kernel: [    1.193560] ohci-pci: OHCI PCI platform driver
Feb 12 03:55:29 yoson kernel: [    1.196170] ohci-pci 0000:00:06.0: OHCI PCI host controller
Feb 12 03:55:29 yoson kernel: [    1.199411] ohci-pci 0000:00:06.0: new USB bus registered, assigned bus number 2
Feb 12 03:55:29 yoson kernel: [    1.201125] ohci-pci 0000:00:06.0: irq 22, io mem 0xf0804000
Feb 12 03:55:29 yoson kernel: [    1.254064] usb usb2: New USB device found, idVendor=1d6b, idProduct=0001, bcdDevice= 4.20
Feb 12 03:55:29 yoson kernel: [    1.254064] usb usb2: New USB device strings: Mfr=3, Product=2, SerialNumber=1
Feb 12 03:55:29 yoson kernel: [    1.254064] usb usb2: Product: OHCI PCI host controller
Feb 12 03:55:29 yoson kernel: [    1.254064] usb usb2: Manufacturer: Linux 4.20.12 ohci_hcd
Feb 12 03:55:29 yoson kernel: [    1.254064] usb usb2: SerialNumber: 0000:00:06.0
Feb 12 03:55:29 yoson kernel: [    1.262746] hub 2-0:1.0: USB hub found
Feb 12 03:55:29 yoson kernel: [    1.263676] hub 2-0:1.0: 12 ports detected
Feb 12 03:55:29 yoson kernel: [    1.266037] uhci_hcd: USB Universal Host Controller Interface driver
Feb 12 03:55:29 yoson kernel: [    1.268111] usbcore: registered new interface driver usblp
Feb 12 03:55:29 yoson kernel: [    1.268111] usbcore: registered new interface driver usb-storage
Feb 12 03:55:29 yoson kernel: [    1.270023] i8042: PNP: PS/2 Controller [PNP0303:PS2K,PNP0f03:PS2M] at 0x60,0x64 irq 1,12
Feb 12 03:55:29 yoson kernel: [    1.274167] serio: i8042 KBD port at 0x60,0x64 irq 1
Feb 12 03:55:29 yoson kernel: [    1.274167] serio: i8042 AUX port at 0x60,0x64 irq 12
Feb 12 03:55:29 yoson kernel: [    1.280116] rtc_cmos rtc_cmos: registered as rtc0
Feb 12 03:55:29 yoson kernel: [    1.280851] rtc_cmos rtc_cmos: alarms up to one day, 114 bytes nvram
Feb 12 03:55:29 yoson kernel: [    1.283313] input: AT Translated Set 2 keyboard as /devices/platform/i8042/serio0/input/input3
Feb 12 03:55:29 yoson kernel: [    1.284121] device-mapper: ioctl: 4.39.0-ioctl (2018-04-03) initialised: dm-devel@redhat.com
Feb 12 03:55:29 yoson kernel: [    1.287237] hidraw: raw HID events driver (C) Jiri Kosina
Feb 12 03:55:29 yoson kernel: [    1.289166] usbcore: registered new interface driver usbhid
Feb 12 03:55:29 yoson kernel: [    1.290796] usbhid: USB HID core driver
Feb 12 03:55:29 yoson kernel: [    1.298191] Initializing XFRM netlink socket
Feb 12 03:55:29 yoson kernel: [    1.299870] NET: Registered protocol family 10
Feb 12 03:55:29 yoson kernel: [    1.302478] Segment Routing with IPv6
Feb 12 03:55:29 yoson kernel: [    1.306132] sit: IPv6, IPv4 and MPLS over IPv4 tunneling driver
Feb 12 03:55:29 yoson kernel: [    1.307440] NET: Registered protocol family 17
Feb 12 03:55:29 yoson kernel: [    1.310110] Key type dns_resolver registered
Feb 12 03:55:29 yoson kernel: [    1.316072] registered taskstats version 1
Feb 12 03:55:29 yoson kernel: [    1.316923] Loading compiled-in X.509 certificates
Feb 12 03:55:29 yoson kernel: [    1.318417]   Magic number: 13:601:948
Feb 12 03:55:29 yoson kernel: [    1.319813] cpuid cpu3: hash matches
Feb 12 03:55:29 yoson kernel: [    1.320906] tty tty5: hash matches
Feb 12 03:55:29 yoson kernel: [    1.321863] processor cpu3: hash matches
Feb 12 03:55:29 yoson kernel: [    1.322911] printk: console [netcon0] enabled
Feb 12 03:55:29 yoson kernel: [    1.324055] netconsole: network logging started
Feb 12 03:55:29 yoson kernel: [    1.325250] cfg80211: Loading compiled-in X.509 certificates for regulatory database
Feb 12 03:55:29 yoson kernel: [    1.330073] cryptomgr_probe (117) used greatest stack depth: 14384 bytes left
Feb 12 03:55:29 yoson kernel: [    1.330132] cfg80211: Loaded X.509 cert 'sforshee: 00b28ddf47aef9cea7'
Feb 12 03:55:29 yoson kernel: [    1.334124] platform regulatory.0: Direct firmware load for regulatory.db failed with error -2
Feb 12 03:55:29 yoson kernel: [    1.336504] cfg80211: failed to load regulatory.db
Feb 12 03:55:29 yoson kernel: [    1.337813] Unstable clock detected, switching default tracing clock to "global"
Feb 12 03:55:29 yoson kernel: [    1.337813] If you want to keep using the local clock, then add:
Feb 12 03:55:29 yoson kernel: [    1.337813]   "trace_clock=local"
Feb 12 03:55:29 yoson kernel: [    1.337813] on the kernel command line
Feb 12 03:55:29 yoson kernel: [    1.342176] ALSA device list:
Feb 12 03:55:29 yoson kernel: [    1.343224]   No soundcards found.
Feb 12 03:55:29 yoson kernel: [    1.540055] random: fast init done
Feb 12 03:55:29 yoson kernel: [    1.542048] input: ImExPS/2 Generic Explorer Mouse as /devices/platform/i8042/serio1/input/input5
Feb 12 03:55:29 yoson kernel: [    1.545176] md: Waiting for all devices to be available before autodetect
Feb 12 03:55:29 yoson kernel: [    1.546293] md: If you don't use raid, use raid=noautodetect
Feb 12 03:55:29 yoson kernel: [    1.549067] md: Autodetecting RAID arrays.
Feb 12 03:55:29 yoson kernel: [    1.549689] md: autorun ...
Feb 12 03:55:29 yoson kernel: [    1.550788] md: ... autorun DONE.
Feb 12 03:55:29 yoson kernel: [    1.558175] EXT4-fs (sda4): mounted filesystem with ordered data mode. Opts: (null)
Feb 12 03:55:29 yoson kernel: [    1.560404] VFS: Mounted root (ext4 filesystem) readonly on device 8:4.
Feb 12 03:55:29 yoson kernel: [    1.567703] devtmpfs: mounted
Feb 12 03:55:29 yoson kernel: [    1.569112] Freeing unused kernel image memory: 1244K
Feb 12 03:55:29 yoson kernel: [    1.581344] Write protecting the kernel read-only data: 18432k
Feb 12 03:55:29 yoson kernel: [    1.584128] Freeing unused kernel image memory: 2008K
Feb 12 03:55:29 yoson kernel: [    1.586101] Freeing unused kernel image memory: 948K
Feb 12 03:55:29 yoson kernel: [    1.588093] Run /sbin/init as init process
Feb 12 03:55:29 yoson kernel: [    1.659138] usb 2-1: new full-speed USB device number 2 using ohci-pci
Feb 12 03:55:29 yoson kernel: [    1.699101] stty (127) used greatest stack depth: 13768 bytes left
Feb 12 03:55:29 yoson kernel: [    1.853124] ip (178) used greatest stack depth: 13752 bytes left
Feb 12 03:55:29 yoson kernel: [    1.855149] ip (179) used greatest stack depth: 12296 bytes left
Feb 12 03:55:29 yoson kernel: <30>[    1.897160] udevd[204]: starting version 3.2.7
Feb 12 03:55:29 yoson kernel: [    1.905430] usb 2-1: New USB device found, idVendor=80ee, idProduct=0021, bcdDevice= 1.00
Feb 12 03:55:29 yoson kernel: [    1.906741] random: udevd: uninitialized urandom read (16 bytes read)
Feb 12 03:55:29 yoson kernel: [    1.907876] usb 2-1: New USB device strings: Mfr=1, Product=3, SerialNumber=0
Feb 12 03:55:29 yoson kernel: [    1.910162] random: udevd: uninitialized urandom read (16 bytes read)
Feb 12 03:55:29 yoson kernel: [    1.911065] usb 2-1: Product: USB Tablet
Feb 12 03:55:29 yoson kernel: [    1.914763] random: udevd: uninitialized urandom read (16 bytes read)
Feb 12 03:55:29 yoson kernel: [    1.915072] usb 2-1: Manufacturer: VirtualBox
Feb 12 03:55:29 yoson kernel: [    1.935000] input: VirtualBox USB Tablet as /devices/pci0000:00/0000:00:06.0/usb2/2-1/2-1:1.0/0003:80EE:0021.0001/input/input6
Feb 12 03:55:29 yoson kernel: <30>[    1.936942] udevd[205]: starting eudev-3.2.7
Feb 12 03:55:29 yoson kernel: [    1.938074] hid-generic 0003:80EE:0021.0001: input,hidraw0: USB HID v1.10 Mouse [VirtualBox USB Tablet] on usb-0000:00:06.0-1/input0
Feb 12 03:55:29 yoson kernel: [    1.997420] e1000 0000:00:03.0 enp0s3: renamed from eth0
Feb 12 03:55:29 yoson kernel: [    3.024096] urandom_read: 4 callbacks suppressed
Feb 12 03:55:29 yoson kernel: [    3.024096] random: udevd: uninitialized urandom read (16 bytes read)
Feb 12 03:55:29 yoson kernel: [    3.025068] random: udevd: uninitialized urandom read (16 bytes read)
Feb 12 03:55:29 yoson kernel: [    3.028110] random: udevd: uninitialized urandom read (16 bytes read)
Feb 12 03:55:29 yoson kernel: [    4.046121] Adding 1952764k swap on /dev/sda2.  Priority:1 extents:1 across:1952764k 
Feb 12 03:55:29 yoson kernel: [    4.064338] EXT4-fs (sda4): re-mounted. Opts: (null)
Feb 12 03:55:29 yoson kernel: [    4.109103] EXT4-fs (sda4): re-mounted. Opts: (null)
Feb 12 03:55:29 yoson kernel: [    5.024282] random: crng init done
Feb 12 03:55:29 yoson kernel: [    5.209333] e1000: enp0s3 NIC Link is Up 1000 Mbps Full Duplex, Flow Control: RX
Feb 12 03:55:29 yoson kernel: [    5.214097] IPv6: ADDRCONF(NETDEV_UP): enp0s3: link is not ready
Feb 12 03:55:29 yoson kernel: [    5.215139] IPv6: ADDRCONF(NETDEV_CHANGE): enp0s3: link becomes ready
Feb 12 04:15:38 yoson kernel: Kernel logging (proc) stopped.
Feb 12 04:15:38 yoson kernel: Kernel log daemon terminating.
Feb 12 04:15:58 yoson kernel: klogd 1.5.1, log source = /proc/kmsg started.
Feb 12 04:15:58 yoson kernel: Inspecting /boot/System.map-4.20.12
Feb 12 04:15:58 yoson kernel: Cannot find map file.
Feb 12 04:15:58 yoson kernel: Loaded 48980 symbols from 1 module.
Feb 12 04:15:58 yoson kernel: [    0.000000] Linux version 4.20.12 (root@yoson) (gcc version 8.2.0 (GCC)) #1 SMP Wed Feb 12 00:07:56 KST 2025
Feb 12 04:15:58 yoson kernel: [    0.000000] Command line: BOOT_IMAGE=/boot/vmlinuz-4.20.12-yoson root=/dev/sda4 ro
Feb 12 04:15:58 yoson kernel: [    0.000000] [Firmware Bug]: TSC doesn't count with P0 frequency!
Feb 12 04:15:58 yoson kernel: [    0.000000] x86/fpu: x87 FPU will use FXSAVE
Feb 12 04:15:58 yoson kernel: [    0.000000] BIOS-provided physical RAM map:
Feb 12 04:15:58 yoson kernel: [    0.000000] BIOS-e820: [mem 0x0000000000000000-0x000000000009fbff] usable
Feb 12 04:15:58 yoson kernel: [    0.000000] BIOS-e820: [mem 0x000000000009fc00-0x000000000009ffff] reserved
Feb 12 04:15:58 yoson kernel: [    0.000000] BIOS-e820: [mem 0x00000000000f0000-0x00000000000fffff] reserved
Feb 12 04:15:58 yoson kernel: [    0.000000] BIOS-e820: [mem 0x0000000000100000-0x00000000dffeffff] usable
Feb 12 04:15:58 yoson kernel: [    0.000000] BIOS-e820: [mem 0x00000000dfff0000-0x00000000dfffffff] ACPI data
Feb 12 04:15:58 yoson kernel: [    0.000000] BIOS-e820: [mem 0x00000000fec00000-0x00000000fec00fff] reserved
Feb 12 04:15:58 yoson kernel: [    0.000000] BIOS-e820: [mem 0x00000000fee00000-0x00000000fee00fff] reserved
Feb 12 04:15:58 yoson kernel: [    0.000000] BIOS-e820: [mem 0x00000000fffc0000-0x00000000ffffffff] reserved
Feb 12 04:15:58 yoson kernel: [    0.000000] BIOS-e820: [mem 0x0000000100000000-0x000000021fffffff] usable
Feb 12 04:15:58 yoson kernel: [    0.000000] NX (Execute Disable) protection: active
Feb 12 04:15:58 yoson kernel: [    0.000000] SMBIOS 2.5 present.
Feb 12 04:15:58 yoson kernel: [    0.000000] DMI: innotek GmbH VirtualBox/VirtualBox, BIOS VirtualBox 12/01/2006
Feb 12 04:15:58 yoson kernel: [    0.000000] e820: update [mem 0x00000000-0x00000fff] usable ==> reserved
Feb 12 04:15:58 yoson kernel: [    0.000000] e820: remove [mem 0x000a0000-0x000fffff] usable
Feb 12 04:15:58 yoson kernel: [    0.000000] last_pfn = 0x220000 max_arch_pfn = 0x400000000
Feb 12 04:15:58 yoson kernel: [    0.000000] MTRR default type: uncachable
Feb 12 04:15:58 yoson kernel: [    0.000000] MTRR fixed ranges enabled:
Feb 12 04:15:58 yoson kernel: [    0.000000]   00000-9FFFF write-back
Feb 12 04:15:58 yoson kernel: [    0.000000]   A0000-BFFFF uncachable
Feb 12 04:15:58 yoson kernel: [    0.000000]   C0000-FFFFF write-protect
Feb 12 04:15:58 yoson kernel: [    0.000000] MTRR variable ranges enabled:
Feb 12 04:15:58 yoson kernel: [    0.000000]   0 disabled
Feb 12 04:15:58 yoson kernel: [    0.000000]   1 disabled
Feb 12 04:15:58 yoson kernel: [    0.000000]   2 disabled
Feb 12 04:15:58 yoson kernel: [    0.000000]   3 disabled
Feb 12 04:15:58 yoson kernel: [    0.000000]   4 disabled
Feb 12 04:15:58 yoson kernel: [    0.000000]   5 disabled
Feb 12 04:15:58 yoson kernel: [    0.000000]   6 disabled
Feb 12 04:15:58 yoson kernel: [    0.000000]   7 disabled
Feb 12 04:15:58 yoson kernel: [    0.000000] x86/PAT: Configuration [0-7]: WB  WC  UC- UC  WB  WP  UC- WT  
Feb 12 04:15:58 yoson kernel: [    0.000000] CPU MTRRs all blank - virtualized system.
Feb 12 04:15:58 yoson kernel: [    0.000000] last_pfn = 0xdfff0 max_arch_pfn = 0x400000000
Feb 12 04:15:58 yoson kernel: [    0.000000] found SMP MP-table at [mem 0x0009fbf0-0x0009fbff] mapped at [(____ptrval____)]
Feb 12 04:15:58 yoson kernel: [    0.000000] check: Scanning 1 areas for low memory corruption
Feb 12 04:15:58 yoson kernel: [    0.000000] Base memory trampoline at [(____ptrval____)] 99000 size 24576
Feb 12 04:15:58 yoson kernel: [    0.000000] BRK [0x178201000, 0x178201fff] PGTABLE
Feb 12 04:15:58 yoson kernel: [    0.000000] BRK [0x178202000, 0x178202fff] PGTABLE
Feb 12 04:15:58 yoson kernel: [    0.000000] BRK [0x178203000, 0x178203fff] PGTABLE
Feb 12 04:15:58 yoson kernel: [    0.000000] BRK [0x178204000, 0x178204fff] PGTABLE
Feb 12 04:15:58 yoson kernel: [    0.000000] BRK [0x178205000, 0x178205fff] PGTABLE
Feb 12 04:15:58 yoson kernel: [    0.000000] BRK [0x178206000, 0x178206fff] PGTABLE
Feb 12 04:15:58 yoson kernel: [    0.000000] BRK [0x178207000, 0x178207fff] PGTABLE
Feb 12 04:15:58 yoson kernel: [    0.000000] BRK [0x178208000, 0x178208fff] PGTABLE
Feb 12 04:15:58 yoson kernel: [    0.000000] BRK [0x178209000, 0x178209fff] PGTABLE
Feb 12 04:15:58 yoson kernel: [    0.000000] ACPI: Early table checksum verification disabled
Feb 12 04:15:58 yoson kernel: [    0.000000] ACPI: RSDP 0x00000000000E0000 000024 (v02 VBOX  )
Feb 12 04:15:58 yoson kernel: [    0.000000] ACPI: XSDT 0x00000000DFFF0030 00003C (v01 VBOX   VBOXXSDT 00000001 ASL  00000061)
Feb 12 04:15:58 yoson kernel: [    0.000000] ACPI: FACP 0x00000000DFFF00F0 0000F4 (v04 VBOX   VBOXFACP 00000001 ASL  00000061)
Feb 12 04:15:58 yoson kernel: [    0.000000] ACPI: DSDT 0x00000000DFFF0620 002353 (v02 VBOX   VBOXBIOS 00000002 INTL 20100528)
Feb 12 04:15:58 yoson kernel: [    0.000000] ACPI: FACS 0x00000000DFFF0200 000040
Feb 12 04:15:58 yoson kernel: [    0.000000] ACPI: FACS 0x00000000DFFF0200 000040
Feb 12 04:15:58 yoson kernel: [    0.000000] ACPI: APIC 0x00000000DFFF0240 00006C (v02 VBOX   VBOXAPIC 00000001 ASL  00000061)
Feb 12 04:15:58 yoson kernel: [    0.000000] ACPI: SSDT 0x00000000DFFF02B0 00036C (v01 VBOX   VBOXCPUT 00000002 INTL 20100528)
Feb 12 04:15:58 yoson kernel: [    0.000000] ACPI: Local APIC address 0xfee00000
Feb 12 04:15:58 yoson kernel: [    0.000000] No NUMA configuration found
Feb 12 04:15:58 yoson kernel: [    0.000000] Faking a node at [mem 0x0000000000000000-0x000000021fffffff]
Feb 12 04:15:58 yoson kernel: [    0.000000] NODE_DATA(0) allocated [mem 0x21fff8000-0x21fffbfff]
Feb 12 04:15:58 yoson kernel: [    0.000000] Zone ranges:
Feb 12 04:15:58 yoson kernel: [    0.000000]   DMA      [mem 0x0000000000001000-0x0000000000ffffff]
Feb 12 04:15:58 yoson kernel: [    0.000000]   DMA32    [mem 0x0000000001000000-0x00000000ffffffff]
Feb 12 04:15:58 yoson kernel: [    0.000000]   Normal   [mem 0x0000000100000000-0x000000021fffffff]
Feb 12 04:15:58 yoson kernel: [    0.000000] Movable zone start for each node
Feb 12 04:15:58 yoson kernel: [    0.000000] Early memory node ranges
Feb 12 04:15:58 yoson kernel: [    0.000000]   node   0: [mem 0x0000000000001000-0x000000000009efff]
Feb 12 04:15:58 yoson kernel: [    0.000000]   node   0: [mem 0x0000000000100000-0x00000000dffeffff]
Feb 12 04:15:58 yoson kernel: [    0.000000]   node   0: [mem 0x0000000100000000-0x000000021fffffff]
Feb 12 04:15:58 yoson kernel: [    0.000000] Zeroed struct page in unavailable ranges: 114 pages
Feb 12 04:15:58 yoson kernel: [    0.000000] Initmem setup node 0 [mem 0x0000000000001000-0x000000021fffffff]
Feb 12 04:15:58 yoson kernel: [    0.000000] On node 0 totalpages: 2097038
Feb 12 04:15:58 yoson kernel: [    0.000000]   DMA zone: 64 pages used for memmap
Feb 12 04:15:58 yoson kernel: [    0.000000]   DMA zone: 21 pages reserved
Feb 12 04:15:58 yoson kernel: [    0.000000]   DMA zone: 3998 pages, LIFO batch:0
Feb 12 04:15:58 yoson kernel: [    0.000000]   DMA32 zone: 14272 pages used for memmap
Feb 12 04:15:58 yoson kernel: [    0.000000]   DMA32 zone: 913392 pages, LIFO batch:63
Feb 12 04:15:58 yoson kernel: [    0.000000]   Normal zone: 18432 pages used for memmap
Feb 12 04:15:58 yoson kernel: [    0.000000]   Normal zone: 1179648 pages, LIFO batch:63
Feb 12 04:15:58 yoson kernel: [    0.000000] ACPI: PM-Timer IO Port: 0x4008
Feb 12 04:15:58 yoson kernel: [    0.000000] ACPI: Local APIC address 0xfee00000
Feb 12 04:15:58 yoson kernel: [    0.000000] IOAPIC[0]: apic_id 4, version 32, address 0xfec00000, GSI 0-23
Feb 12 04:15:58 yoson kernel: [    0.000000] ACPI: INT_SRC_OVR (bus 0 bus_irq 0 global_irq 2 dfl dfl)
Feb 12 04:15:58 yoson kernel: [    0.000000] ACPI: INT_SRC_OVR (bus 0 bus_irq 9 global_irq 9 low level)
Feb 12 04:15:58 yoson kernel: [    0.000000] ACPI: IRQ0 used by override.
Feb 12 04:15:58 yoson kernel: [    0.000000] ACPI: IRQ9 used by override.
Feb 12 04:15:58 yoson kernel: [    0.000000] Using ACPI (MADT) for SMP configuration information
Feb 12 04:15:58 yoson kernel: [    0.000000] smpboot: Allowing 4 CPUs, 0 hotplug CPUs
Feb 12 04:15:58 yoson kernel: [    0.000000] PM: Registered nosave memory: [mem 0x00000000-0x00000fff]
Feb 12 04:15:58 yoson kernel: [    0.000000] PM: Registered nosave memory: [mem 0x0009f000-0x0009ffff]
Feb 12 04:15:58 yoson kernel: [    0.000000] PM: Registered nosave memory: [mem 0x000a0000-0x000effff]
Feb 12 04:15:58 yoson kernel: [    0.000000] PM: Registered nosave memory: [mem 0x000f0000-0x000fffff]
Feb 12 04:15:58 yoson kernel: [    0.000000] PM: Registered nosave memory: [mem 0xdfff0000-0xdfffffff]
Feb 12 04:15:58 yoson kernel: [    0.000000] PM: Registered nosave memory: [mem 0xe0000000-0xfebfffff]
Feb 12 04:15:58 yoson kernel: [    0.000000] PM: Registered nosave memory: [mem 0xfec00000-0xfec00fff]
Feb 12 04:15:58 yoson kernel: [    0.000000] PM: Registered nosave memory: [mem 0xfec01000-0xfedfffff]
Feb 12 04:15:58 yoson kernel: [    0.000000] PM: Registered nosave memory: [mem 0xfee00000-0xfee00fff]
Feb 12 04:15:58 yoson kernel: [    0.000000] PM: Registered nosave memory: [mem 0xfee01000-0xfffbffff]
Feb 12 04:15:58 yoson kernel: [    0.000000] PM: Registered nosave memory: [mem 0xfffc0000-0xffffffff]
Feb 12 04:15:58 yoson kernel: [    0.000000] [mem 0xe0000000-0xfebfffff] available for PCI devices
Feb 12 04:15:58 yoson kernel: [    0.000000] clocksource: refined-jiffies: mask: 0xffffffff max_cycles: 0xffffffff, max_idle_ns: 1910969940391419 ns
